Component: ARM Compiler 5.06 update 6 (build 750) Tool: armlink [4d35ed]

==============================================================================

Section Cross References

    main.o(i.main) refers to delay.o(i.delay_init) for delay_init
    main.o(i.main) refers to pwm.o(i.TIM1_PWM_Init) for TIM1_PWM_Init
    main.o(i.main) refers to motor.o(i.moto_control_gpioinit) for moto_control_gpioinit
    main.o(i.main) refers to mpu6050.o(i.MPU_Init) for MPU_Init
    main.o(i.main) refers to inv_mpu.o(i.mpu_dmp_init) for mpu_dmp_init
    main.o(i.main) refers to mpu6050.o(i.MPU6050_EXTI_Init) for MPU6050_EXTI_Init
    main.o(i.main) refers to oled.o(i.OLED_Init) for OLED_Init
    main.o(i.main) refers to oled.o(i.OLED_Clear) for OLED_Clear
    main.o(i.main) refers to oled.o(i.drawbmp) for drawbmp
    main.o(i.main) refers to esp8266.o(i.USART2_Configuration) for USART2_Configuration
    main.o(i.main) refers to delay.o(i.delay_ms) for delay_ms
    main.o(i.main) refers to esp8266.o(i.esp8266_init) for esp8266_init
    main.o(i.main) refers to encoder.o(i.Encoder_TIM2_Init) for Encoder_TIM2_Init
    main.o(i.main) refers to encoder.o(i.Encoder_TIM4_Init) for Encoder_TIM4_Init
    main.o(i.main) refers to adc.o(i.ADC_GPIO_Init) for ADC_GPIO_Init
    main.o(i.main) refers to adc.o(i.ADC1_Init) for ADC1_Init
    main.o(i.main) refers to hc_sr04.o(i.hc_sr04_init) for hc_sr04_init
    main.o(i.main) refers to stm32f10x_it.o(i.NVIC_Configuration) for NVIC_Configuration
    main.o(i.main) refers to oled.o(i.oled_open_re) for oled_open_re
    main.o(i.main) refers to oled.o(i.oled_pid) for oled_pid
    main.o(i.main) refers to oled.o(i.oled_adc) for oled_adc
    main.o(i.main) refers to hc_sr04.o(i.hc_sr04_open) for hc_sr04_open
    main.o(i.main) refers to buzzer.o(i.bibi) for bibi
    stm32f10x_it.o(i.NVIC_Configuration) refers to misc.o(i.NVIC_PriorityGroupConfig) for NVIC_PriorityGroupConfig
    stm32f10x_it.o(i.NVIC_Configuration) refers to misc.o(i.NVIC_Init) for NVIC_Init
    adc.o(i.ADC1_Init) refers to stm32f10x_rcc.o(i.RCC_APB2PeriphClockCmd) for RCC_APB2PeriphClockCmd
    adc.o(i.ADC1_Init) refers to stm32f10x_rcc.o(i.RCC_ADCCLKConfig) for RCC_ADCCLKConfig
    adc.o(i.ADC1_Init) refers to stm32f10x_adc.o(i.ADC_DeInit) for ADC_DeInit
    adc.o(i.ADC1_Init) refers to stm32f10x_adc.o(i.ADC_DMACmd) for ADC_DMACmd
    adc.o(i.ADC1_Init) refers to stm32f10x_adc.o(i.ADC_Init) for ADC_Init
    adc.o(i.ADC1_Init) refers to stm32f10x_adc.o(i.ADC_RegularChannelConfig) for ADC_RegularChannelConfig
    adc.o(i.ADC1_Init) refers to stm32f10x_adc.o(i.ADC_Cmd) for ADC_Cmd
    adc.o(i.ADC1_Init) refers to stm32f10x_adc.o(i.ADC_ResetCalibration) for ADC_ResetCalibration
    adc.o(i.ADC1_Init) refers to stm32f10x_adc.o(i.ADC_GetResetCalibrationStatus) for ADC_GetResetCalibrationStatus
    adc.o(i.ADC1_Init) refers to stm32f10x_adc.o(i.ADC_StartCalibration) for ADC_StartCalibration
    adc.o(i.ADC1_Init) refers to stm32f10x_adc.o(i.ADC_GetCalibrationStatus) for ADC_GetCalibrationStatus
    adc.o(i.ADC_GPIO_Init) refers to stm32f10x_rcc.o(i.RCC_APB2PeriphClockCmd) for RCC_APB2PeriphClockCmd
    adc.o(i.ADC_GPIO_Init) refers to stm32f10x_gpio.o(i.GPIO_Init) for GPIO_Init
    adc.o(i.adc_read) refers to stm32f10x_adc.o(i.ADC_SoftwareStartConvCmd) for ADC_SoftwareStartConvCmd
    adc.o(i.adc_read) refers to stm32f10x_adc.o(i.ADC_GetFlagStatus) for ADC_GetFlagStatus
    adc.o(i.adc_read) refers to stm32f10x_adc.o(i.ADC_GetConversionValue) for ADC_GetConversionValue
    adc.o(i.adc_read) refers to ffltui.o(.text) for __aeabi_ui2f
    adc.o(i.adc_read) refers to f2d.o(.text) for __aeabi_f2d
    adc.o(i.adc_read) refers to dmul.o(.text) for __aeabi_dmul
    adc.o(i.adc_read) refers to ddiv.o(.text) for __aeabi_ddiv
    adc.o(i.adc_read) refers to dadd.o(.text) for __aeabi_dadd
    adc.o(i.adc_read) refers to d2f.o(.text) for __aeabi_d2f
    adc.o(i.adc_read) refers to fdiv.o(.text) for __aeabi_fdiv
    adc.o(i.adc_read) refers to adc.o(.data) for adc_data
    buzzer.o(i.buzzergpio_init) refers to stm32f10x_rcc.o(i.RCC_APB2PeriphClockCmd) for RCC_APB2PeriphClockCmd
    buzzer.o(i.buzzergpio_init) refers to stm32f10x_gpio.o(i.GPIO_Init) for GPIO_Init
    control.o(i.EXTI9_5_IRQHandler) refers to stm32f10x_exti.o(i.EXTI_GetITStatus) for EXTI_GetITStatus
    control.o(i.EXTI9_5_IRQHandler) refers to stm32f10x_exti.o(i.EXTI_ClearITPendingBit) for EXTI_ClearITPendingBit
    control.o(i.EXTI9_5_IRQHandler) refers to inv_mpu.o(i.mpu_dmp_get_data) for mpu_dmp_get_data
    control.o(i.EXTI9_5_IRQHandler) refers to mpu6050.o(i.MPU_Get_Gyroscope) for MPU_Get_Gyroscope
    control.o(i.EXTI9_5_IRQHandler) refers to mpu6050.o(i.MPU_Get_Accelerometer) for MPU_Get_Accelerometer
    control.o(i.EXTI9_5_IRQHandler) refers to encoder.o(i.Read_Speed) for Read_Speed
    control.o(i.EXTI9_5_IRQHandler) refers to fadd.o(.text) for __aeabi_fadd
    control.o(i.EXTI9_5_IRQHandler) refers to cfcmple.o(.text) for __aeabi_cfcmpeq
[...]
    i.mpu_get_sample_rate                    0x08006078   Section        0  inv_mpu.o(i.mpu_get_sample_rate)
    i.mpu_init                               0x08006098   Section        0  inv_mpu.o(i.mpu_init)
    i.mpu_load_firmware                      0x08006288   Section        0  inv_mpu.o(i.mpu_load_firmware)
    i.mpu_lp_accel_mode                      0x08006340   Section        0  inv_mpu.o(i.mpu_lp_accel_mode)
    i.mpu_read_fifo_stream                   0x08006420   Section        0  inv_mpu.o(i.mpu_read_fifo_stream)
    i.mpu_read_mem                           0x080064e0   Section        0  inv_mpu.o(i.mpu_read_mem)
    i.mpu_reset_fifo                         0x08006560   Section        0  inv_mpu.o(i.mpu_reset_fifo)
    i.mpu_run_self_test                      0x08006728   Section        0  inv_mpu.o(i.mpu_run_self_test)
    i.mpu_set_accel_fsr                      0x08006844   Section        0  inv_mpu.o(i.mpu_set_accel_fsr)
    i.mpu_set_bypass                         0x080068c8   Section        0  inv_mpu.o(i.mpu_set_bypass)
    i.mpu_set_dmp_state                      0x08006a14   Section        0  inv_mpu.o(i.mpu_set_dmp_state)
    i.mpu_set_gyro_fsr                       0x08006aa4   Section        0  inv_mpu.o(i.mpu_set_gyro_fsr)
    i.mpu_set_int_latched                    0x08006b2c   Section        0  inv_mpu.o(i.mpu_set_int_latched)
    i.mpu_set_lpf                            0x08006b98   Section        0  inv_mpu.o(i.mpu_set_lpf)
    i.mpu_set_sample_rate                    0x08006c1c   Section        0  inv_mpu.o(i.mpu_set_sample_rate)
    i.mpu_set_sensors                        0x08006cb8   Section        0  inv_mpu.o(i.mpu_set_sensors)
    i.mpu_write_mem                          0x08006d88   Section        0  inv_mpu.o(i.mpu_write_mem)
    i.oled_adc                               0x08006e08   Section        0  oled.o(i.oled_adc)
    i.oled_open_re                           0x08006e74   Section        0  oled.o(i.oled_open_re)
    i.oled_pid                               0x08006f40   Section        0  oled.o(i.oled_pid)
    i.printf_str                             0x08007090   Section        0  esp8266.o(i.printf_str)
    i.run_self_test                          0x080070b2   Section        0  inv_mpu.o(i.run_self_test)
    i.set_int_enable                         0x08007148   Section        0  inv_mpu.o(i.set_int_enable)
    set_int_enable                           0x08007149   Thumb Code   138  inv_mpu.o(i.set_int_enable)
    i.sqrt                                   0x080071d8   Section        0  sqrt.o(i.sqrt)
    i.usart_res_pid                          0x08007224   Section        0  esp8266.o(i.usart_res_pid)
    .constdata                               0x08007478   Section      172  esp8266.o(.constdata)
    .constdata                               0x08007524   Section       80  inv_mpu.o(.constdata)
    .constdata                               0x08007574   Section     3062  inv_mpu_dmp_motion_driver.o(.constdata)
    dmp_memory                               0x08007574   Data        3062  inv_mpu_dmp_motion_driver.o(.constdata)
    .constdata                               0x08008170   Section       80  asin.o(.constdata)
    pS                                       0x08008170   Data          48  asin.o(.constdata)
    qS                                       0x080081a0   Data          32  asin.o(.constdata)
    .constdata                               0x080081c0   Section      152  atan.o(.constdata)
    atanhi                                   0x080081c0   Data          32  atan.o(.constdata)
    atanlo                                   0x080081e0   Data          32  atan.o(.constdata)
    aTodd                                    0x08008200   Data          40  atan.o(.constdata)
    aTeven                                   0x08008228   Data          48  atan.o(.constdata)
    .constdata                               0x08008258   Section        8  qnan.o(.constdata)
    .conststring                             0x08008260   Section       77  inv_mpu.o(.conststring)
    .data                                    0x20000000   Section       16  adc.o(.data)
    .data                                    0x20000010   Section      112  control.o(.data)
    Encoder_S                                0x2000006c   Data           4  control.o(.data)
    pwm_out                                  0x20000070   Data           4  control.o(.data)
    Encoder_Err                              0x20000074   Data           4  control.o(.data)
    EnC_Err_Lowout                           0x20000078   Data           4  control.o(.data)
    EnC_Err_Lowout_last                      0x2000007c   Data           4  control.o(.data)
    .data                                    0x20000080   Section       29  esp8266.o(.data)
    .data                                    0x200000a0   Section        8  hc_sr04.o(.data)
    .data                                    0x200000a8   Section       53  inv_mpu.o(.data)
    st                                       0x200000a8   Data          44  inv_mpu.o(.data)
    gyro_orientation                         0x200000d4   Data           9  inv_mpu.o(.data)
    .data                                    0x200000e0   Section        8  motor.o(.data)
    .data                                    0x200000e8   Section        1  mpu6050.o(.data)
    .data                                    0x200000e9   Section     5656  oled.o(.data)
    .data                                    0x20001702   Section        4  delay.o(.data)
    fac_us                                   0x20001702   Data           1  delay.o(.data)
    fac_ms                                   0x20001704   Data           2  delay.o(.data)
    .data                                    0x20001708   Section       20  system_stm32f10x.o(.data)
    .data                                    0x2000171c   Section       20  stm32f10x_rcc.o(.data)
    APBAHBPrescTable                         0x2000171c   Data          16  stm32f10x_rcc.o(.data)
    ADCPrescTable                            0x2000172c   Data           4  stm32f10x_rcc.o(.data)
    .data                                    0x20001730   Section        4  stdout.o(.data)
    .data                                    0x20001734   Section        4  errno.o(.data)
    _errno                                   0x20001734   Data           4  errno.o(.data)
    .bss                                     0x20001738   Section     2000  esp8266.o(.bss)
    .bss                                     0x20001f08   Section       16  inv_mpu_dmp_motion_driver.o(.bss)
    dmp                                      0x20001f08   Data          16  inv_mpu_dmp_motion_driver.o(.bss)
    STACK                                    0x20001f18   Section     1024  startup_stm32f10x_md.o(STACK)

    Global Symbols

    Symbol Name                              Value     Ov Type        Size  Object(Section)

    BuildAttributes$$THM_ISAv4$P$D$K$B$S$PE$A:L22UL41UL21$X:L11$S22US41US21$IEEE1$IW$USESV6$~STKCKD$USESV7$~SHL$OTIME$ROPI$IEEEX$EBA8$MICROLIB$REQ8$PRES8$EABIv2 0x00000000   Number         0  anon$$obj.o ABSOLUTE
    __ARM_use_no_argv                        0x00000000   Number         0  main.o ABSOLUTE
    _printf_a                                0x00000000   Number         0  stubs.o ABSOLUTE
    _printf_c                                0x00000000   Number         0  stubs.o ABSOLUTE
    _printf_charcount                        0x00000000   Number         0  stubs.o ABSOLUTE
    _printf_d                                0x00000000   Number         0  stubs.o ABSOLUTE
    _printf_e                                0x00000000   Number         0  stubs.o ABSOLUTE
    _printf_f                                0x00000000   Number         0  stubs.o ABSOLUTE
    _printf_flags                            0x00000000   Number         0  stubs.o ABSOLUTE
    _printf_fp_dec                           0x00000000   Number         0  stubs.o ABSOLUTE
    _printf_fp_hex                           0x00000000   Number         0  stubs.o ABSOLUTE
    _printf_g                                0x00000000   Number         0  stubs.o ABSOLUTE
    _printf_i                                0x00000000   Number         0  stubs.o ABSOLUTE
    _printf_int_dec                          0x00000000   Number         0  stubs.o ABSOLUTE
    _printf_l                                0x00000000   Number         0  stubs.o ABSOLUTE
    _printf_lc                               0x00000000   Number         0  stubs.o ABSOLUTE
    _printf_ll                               0x00000000   Number         0  stubs.o ABSOLUTE
    _printf_lld                              0x00000000   Number         0  stubs.o ABSOLUTE
    _printf_lli                              0x00000000   Number         0  stubs.o ABSOLUTE
    _printf_llo                              0x00000000   Number         0  stubs.o ABSOLUTE
    _printf_llu                              0x00000000   Number         0  stubs.o ABSOLUTE
    _printf_llx                              0x00000000   Number         0  stubs.o ABSOLUTE
    _printf_longlong_dec                     0x00000000   Number         0  stubs.o ABSOLUTE
    _printf_longlong_hex                     0x00000000   Number         0  stubs.o ABSOLUTE
    _printf_longlong_oct                     0x00000000   Number         0  stubs.o ABSOLUTE
    _printf_ls                               0x00000000   Number         0  stubs.o ABSOLUTE
    _printf_mbtowc                           0x00000000   Number         0  stubs.o ABSOLUTE
    _printf_n                                0x00000000   Number         0  stubs.o ABSOLUTE
    _printf_o                                0x00000000   Number         0  stubs.o ABSOLUTE
    _printf_p                                0x00000000   Number         0  stubs.o ABSOLUTE
    _printf_percent                          0x00000000   Number         0  stubs.o ABSOLUTE
    _printf_pre_padding                      0x00000000   Number         0  stubs.o ABSOLUTE
    _printf_return_value                     0x00000000   Number         0  stubs.o ABSOLUTE
    _printf_s                                0x00000000   Number         0  stubs.o ABSOLUTE
    _printf_sizespec                         0x00000000   Number         0  stubs.o ABSOLUTE
    _printf_str                              0x00000000   Number         0  stubs.o ABSOLUTE
    _printf_truncate_signed                  0x00000000   Number         0  stubs.o ABSOLUTE
    _printf_truncate_unsigned                0x00000000   Number         0  stubs.o ABSOLUTE
    _printf_u                                0x00000000   Number         0  stubs.o ABSOLUTE
    _printf_wc                               0x00000000   Number         0  stubs.o ABSOLUTE
    _printf_wctomb                           0x00000000   Number         0  stubs.o ABSOLUTE
    _printf_widthprec                        0x00000000   Number         0  stubs.o ABSOLUTE
    _printf_x                                0x00000000   Number         0  stubs.o ABSOLUTE
    __cpp_initialize__aeabi_                  - Undefined Weak Reference
    __cxa_finalize                            - Undefined Weak Reference
    _clock_init                               - Undefined Weak Reference
    _microlib_exit                            - Undefined Weak Reference
    __Vectors_Size                           0x000000ec   Number         0  startup_stm32f10x_md.o ABSOLUTE
    __Vectors                                0x08000000   Data           4  startup_stm32f10x_md.o(RESET)
    __Vectors_End                            0x080000ec   Data           0  startup_stm32f10x_md.o(RESET)
    __main                                   0x080000ed   Thumb Code     0  entry.o(.ARM.Collect$$$$00000000)
    _main_stk                                0x080000ed   Thumb Code     0  entry2.o(.ARM.Collect$$$$00000001)
    _main_scatterload                        0x080000f1   Thumb Code     0  entry5.o(.ARM.Collect$$$$00000004)
    __main_after_scatterload                 0x080000f5   Thumb Code     0  entry5.o(.ARM.Collect$$$$00000004)
    _main_clock                              0x080000f5   Thumb Code     0  entry7b.o(.ARM.Collect$$$$00000008)
    _main_cpp_init                           0x080000f5   Thumb Code     0  entry8b.o(.ARM.Collect$$$$0000000A)
    _main_init                               0x080000f5   Thumb Code     0  entry9a.o(.ARM.Collect$$$$0000000B)
    __rt_final_cpp                           0x080000fd   Thumb Code     0  entry10a.o(.ARM.Collect$$$$0000000D)
    __rt_final_exit                          0x080000fd   Thumb Code     0  entry11a.o(.ARM.Collect$$$$0000000F)
    Reset_Handler                            0x08000101   Thumb Code     8  startup_stm32f10x_md.o(.text)
    ADC1_2_IRQHandler                        0x0800011b   Thumb Code     0  startup_stm32f10x_md.o(.text)
    CAN1_RX1_IRQHandler                      0x0800011b   Thumb Code     0  startup_stm32f10x_md.o(.text)
    CAN1_SCE_IRQHandler                      0x0800011b   Thumb Code     0  startup_stm32f10x_md.o(.text)
    DMA1_Channel1_IRQHandler                 0x0800011b   Thumb Code     0  startup_stm32f10x_md.o(.text)
    DMA1_Channel2_IRQHandler                 0x0800011b   Thumb Code     0  startup_stm32f10x_md.o(.text)
    DMA1_Channel3_IRQHandler                 0x0800011b   Thumb Code     0  startup_stm32f10x_md.o(.text)
    DMA1_Channel4_IRQHandler                 0x0800011b   Thumb Code     0  startup_stm32f10x_md.o(.text)
    DMA1_Channel5_IRQHandler                 0x0800011b   Thumb Code     0  startup_stm32f10x_md.o(.text)
    DMA1_Channel6_IRQHandler                 0x0800011b   Thumb Code     0  startup_stm32f10x_md.o(.text)
    DMA1_Channel7_IRQHandler                 0x0800011b   Thumb Code     0  startup_stm32f10x_md.o(.text)
    EXTI0_IRQHandler                         0x0800011b   Thumb Code     0  startup_stm32f10x_md.o(.text)
    EXTI1_IRQHandler                         0x0800011b   Thumb Code     0  startup_stm32f10x_md.o(.text)
    EXTI2_IRQHandler                         0x0800011b   Thumb Code     0  startup_stm32f10x_md.o(.text)
    EXTI3_IRQHandler                         0x0800011b   Thumb Code     0  startup_stm32f10x_md.o(.text)
    EXTI4_IRQHandler                         0x0800011b   Thumb Code     0  startup_stm32f10x_md.o(.text)
    FLASH_IRQHandler                         0x0800011b   Thumb Code     0  startup_stm32f10x_md.o(.text)
    I2C1_ER_IRQHandler                       0x0800011b   Thumb Code     0  startup_stm32f10x_md.o(.text)
    I2C1_EV_IRQHandler                       0x0800011b   Thumb Code     0  startup_stm32f10x_md.o(.text)
    I2C2_ER_IRQHandler                       0x0800011b   Thumb Code     0  startup_stm32f10x_md.o(.text)
    I2C2_EV_IRQHandler                       0x0800011b   Thumb Code     0  startup_stm32f10x_md.o(.text)
    PVD_IRQHandler                           0x0800011b   Thumb Code     0  startup_stm32f10x_md.o(.text)
    RCC_IRQHandler                           0x0800011b   Thumb Code     0  startup_stm32f10x_md.o(.text)
    RTCAlarm_IRQHandler                      0x0800011b   Thumb Code     0  startup_stm32f10x_md.o(.text)
    RTC_IRQHandler                           0x0800011b   Thumb Code     0  startup_stm32f10x_md.o(.text)
    SPI1_IRQHandler                          0x0800011b   Thumb Code     0  startup_stm32f10x_md.o(.text)
    SPI2_IRQHandler                          0x0800011b   Thumb Code     0  startup_stm32f10x_md.o(.text)
    TAMPER_IRQHandler                        0x0800011b   Thumb Code     0  startup_stm32f10x_md.o(.text)
    TIM1_BRK_IRQHandler                      0x0800011b   Thumb Code     0  startup_stm32f10x_md.o(.text)
    TIM1_CC_IRQHandler                       0x0800011b   Thumb Code     0  startup_stm32f10x_md.o(.text)
    TIM1_TRG_COM_IRQHandler                  0x0800011b   Thumb Code     0  startup_stm32f10x_md.o(.text)
    TIM1_UP_IRQHandler                       0x0800011b   Thumb Code     0  startup_stm32f10x_md.o(.text)
    USART1_IRQHandler                        0x0800011b   Thumb Code     0  startup_stm32f10x_md.o(.text)
    USART3_IRQHandler                        0x0800011b   Thumb Code     0  startup_stm32f10x_md.o(.text)
    USBWakeUp_IRQHandler                     0x0800011b   Thumb Code     0  startup_stm32f10x_md.o(.text)
    USB_HP_CAN1_TX_IRQHandler                0x0800011b   Thumb Code     0  startup_stm32f10x_md.o(.text)
    USB_LP_CAN1_RX0_IRQHandler               0x0800011b   Thumb Code     0  startup_stm32f10x_md.o(.text)
    WWDG_IRQHandler                          0x0800011b   Thumb Code     0  startup_stm32f10x_md.o(.text)
    __aeabi_ldivmod                          0x08000125   Thumb Code    98  ldiv.o(.text)
    __aeabi_memcpy                           0x08000187   Thumb Code    36  memcpya.o(.text)
    __aeabi_memcpy4                          0x08000187   Thumb Code     0  memcpya.o(.text)
    __aeabi_memcpy8                          0x08000187   Thumb Code     0  memcpya.o(.text)
    __aeabi_memset                           0x080001ab   Thumb Code    14  memseta.o(.text)
    __aeabi_memset4                          0x080001ab   Thumb Code     0  memseta.o(.text)
    __aeabi_memset8                          0x080001ab   Thumb Code     0  memseta.o(.text)
    __aeabi_memclr                           0x080001b9   Thumb Code     4  memseta.o(.text)
    __aeabi_memclr4                          0x080001b9   Thumb Code     0  memseta.o(.text)
    __aeabi_memclr8                          0x080001b9   Thumb Code     0  memseta.o(.text)
    _memset$wrapper                          0x080001bd   Thumb Code    18  memseta.o(.text)
    strlen                                   0x080001cf   Thumb Code    14  strlen.o(.text)
    memcmp                                   0x080001dd   Thumb Code    26  memcmp.o(.text)
    __aeabi_fadd                             0x080001f7   Thumb Code   164  fadd.o(.text)
    __aeabi_fsub                             0x0800029b   Thumb Code     6  fadd.o(.text)
    __aeabi_frsub                            0x080002a1   Thumb Code     6  fadd.o(.text)
    __aeabi_fmul                             0x080002a7   Thumb Code   100  fmul.o(.text)
    __aeabi_fdiv                             0x0800030b   Thumb Code   124  fdiv.o(.text)
    __aeabi_dadd                             0x08000387   Thumb Code   322  dadd.o(.text)
    __aeabi_dsub                             0x080004c9   Thumb Code     6  dadd.o(.text)
    __aeabi_drsub                            0x080004cf   Thumb Code     6  dadd.o(.text)
    __aeabi_dmul                             0x080004d5   Thumb Code   228  dmul.o(.text)
    __aeabi_ddiv                             0x080005b9   Thumb Code   222  ddiv.o(.text)
    __aeabi_i2f                              0x08000697   Thumb Code    18  fflti.o(.text)
    __aeabi_ui2f                             0x080006a9   Thumb Code    10  ffltui.o(.text)
    __aeabi_i2d                              0x080006b3   Thumb Code    34  dflti.o(.text)
    __aeabi_ui2d                             0x080006d5   Thumb Code    26  dfltui.o(.text)
    __aeabi_f2iz                             0x080006ef   Thumb Code    50  ffixi.o(.text)
    __aeabi_f2uiz                            0x08000721   Thumb Code    40  ffixui.o(.text)
    __aeabi_d2iz                             0x08000749   Thumb Code    62  dfixi.o(.text)
    __aeabi_d2uiz                            0x08000787   Thumb Code    50  dfixui.o(.text)
    __aeabi_f2d                              0x080007b9   Thumb Code    38  f2d.o(.text)
    __aeabi_cdcmpeq                          0x080007e1   Thumb Code     0  cdcmple.o(.text)
    __aeabi_cdcmple                          0x080007e1   Thumb Code    48  cdcmple.o(.text)
    __aeabi_d2f                              0x08000811   Thumb Code    56  d2f.o(.text)
    __aeabi_cfcmpeq                          0x08000849   Thumb Code     0  cfcmple.o(.text)
    __aeabi_cfcmple                          0x08000849   Thumb Code    20  cfcmple.o(.text)
    __aeabi_cfrcmple                         0x0800085d   Thumb Code    20  cfrcmple.o(.text)
    __aeabi_uldivmod                         0x08000871   Thumb Code    98  uldiv.o(.text)
    __aeabi_llsl                             0x080008d3   Thumb Code    30  llshl.o(.text)
    _ll_shift_l                              0x080008d3   Thumb Code     0  llshl.o(.text)
    __aeabi_llsr                             0x080008f1   Thumb Code    32  llushr.o(.text)
    _ll_ushift_r                             0x080008f1   Thumb Code     0  llushr.o(.text)
    __aeabi_lasr                             0x08000911   Thumb Code    36  llsshr.o(.text)
    _ll_sshift_r                             0x08000911   Thumb Code     0  llsshr.o(.text)
    __I$use$fp                               0x08000935   Thumb Code     0  iusefp.o(.text)
    _float_round                             0x08000935   Thumb Code    18  fepilogue.o(.text)
    _float_epilogue                          0x08000947   Thumb Code    92  fepilogue.o(.text)
    _double_round                            0x080009a3   Thumb Code    30  depilogue.o(.text)
    _double_epilogue                         0x080009c1   Thumb Code   156  depilogue.o(.text)
    __ARM_scalbn                             0x08000a5d   Thumb Code    46  dscalb.o(.text)
    scalbn                                   0x08000a5d   Thumb Code     0  dscalb.o(.text)
    __scatterload                            0x08000a8d   Thumb Code    28  init.o(.text)
    __scatterload_rt2                        0x08000a8d   Thumb Code     0  init.o(.text)
    __I$use$semihosting$fputc                0x08000ab1   Thumb Code     0  iusesemip.o(.text)
    __semihosting_library_function           0x08000ab1   Thumb Code     0  semi.o(.text)
    _dsqrt                                   0x08000ab1   Thumb Code   162  dsqrt.o(.text)
    __decompress                             0x08000b53   Thumb Code     0  __dczerorl2.o(.text)
    __decompress1                            0x08000b53   Thumb Code    86  __dczerorl2.o(.text)
    ADC1_Init                                0x08000ba9   Thumb Code   130  adc.o(i.ADC1_Init)
    ADC_Cmd                                  0x08000c31   Thumb Code    22  stm32f10x_adc.o(i.ADC_Cmd)
    ADC_DMACmd                               0x08000c47   Thumb Code    22  stm32f10x_adc.o(i.ADC_DMACmd)
    ADC_DeInit                               0x08000c5d   Thumb Code    78  stm32f10x_adc.o(i.ADC_DeInit)
    ADC_GPIO_Init                            0x08000cb9   Thumb Code    32  adc.o(i.ADC_GPIO_Init)
    ADC_GetCalibrationStatus                 0x08000cdd   Thumb Code    20  stm32f10x_adc.o(i.ADC_GetCalibrationStatus)
    ADC_GetConversionValue                   0x08000cf1   Thumb Code     8  stm32f10x_adc.o(i.ADC_GetConversionValue)
    ADC_GetFlagStatus                        0x08000cf9   Thumb Code    18  stm32f10x_adc.o(i.ADC_GetFlagStatus)
    ADC_GetResetCalibrationStatus            0x08000d0b   Thumb Code    20  stm32f10x_adc.o(i.ADC_GetResetCalibrationStatus)
    ADC_Init                                 0x08000d21   Thumb Code    70  stm32f10x_adc.o(i.ADC_Init)
    ADC_RegularChannelConfig                 0x08000d71   Thumb Code   184  stm32f10x_adc.o(i.ADC_RegularChannelConfig)
    ADC_ResetCalibration                     0x08000e29   Thumb Code    10  stm32f10x_adc.o(i.ADC_ResetCalibration)
    ADC_SoftwareStartConvCmd                 0x08000e33   Thumb Code    22  stm32f10x_adc.o(i.ADC_SoftwareStartConvCmd)
    ADC_StartCalibration                     0x08000e49   Thumb Code    10  stm32f10x_adc.o(i.ADC_StartCalibration)
    BusFault_Handler                         0x08000e53   Thumb Code     4  stm32f10x_it.o(i.BusFault_Handler)
    DMA_ClearFlag                            0x08000e59   Thumb Code    18  stm32f10x_dma.o(i.DMA_ClearFlag)
    DMA_Cmd                                  0x08000e75   Thumb Code    24  stm32f10x_dma.o(i.DMA_Cmd)
    DMA_GetCurrDataCounter                   0x08000e8d   Thumb Code     8  stm32f10x_dma.o(i.DMA_GetCurrDataCounter)
    DMA_ITConfig                             0x08000e95   Thumb Code    18  stm32f10x_dma.o(i.DMA_ITConfig)
    DMA_Init                                 0x08000ea7   Thumb Code    60  stm32f10x_dma.o(i.DMA_Init)
    DebugMon_Handler                         0x08000ee3   Thumb Code     2  stm32f10x_it.o(i.DebugMon_Handler)
    EXTI15_10_IRQHandler                     0x08000ee5   Thumb Code    96  hc_sr04.o(i.EXTI15_10_IRQHandler)
    EXTI9_5_IRQHandler                       0x08000f59   Thumb Code   568  control.o(i.EXTI9_5_IRQHandler)
    EXTI_ClearITPendingBit                   0x08001211   Thumb Code     6  stm32f10x_exti.o(i.EXTI_ClearITPendingBit)
    EXTI_GetITStatus                         0x0800121d   Thumb Code    34  stm32f10x_exti.o(i.EXTI_GetITStatus)
    EXTI_Init                                0x08001245   Thumb Code   142  stm32f10x_exti.o(i.EXTI_Init)
    Encoder_TIM2_Init                        0x080012d9   Thumb Code   146  encoder.o(i.Encoder_TIM2_Init)
    Encoder_TIM4_Init                        0x08001371   Thumb Code   148  encoder.o(i.Encoder_TIM4_Init)
    GPIO_EXTILineConfig                      0x0800140d   Thumb Code    60  stm32f10x_gpio.o(i.GPIO_EXTILineConfig)
    GPIO_Init                                0x0800144d   Thumb Code   278  stm32f10x_gpio.o(i.GPIO_Init)
    GPIO_PinRemapConfig                      0x08001565   Thumb Code   138  stm32f10x_gpio.o(i.GPIO_PinRemapConfig)
    GPIO_ResetBits                           0x080015f5   Thumb Code     4  stm32f10x_gpio.o(i.GPIO_ResetBits)
    GPIO_SetBits                             0x080015f9   Thumb Code     4  stm32f10x_gpio.o(i.GPIO_SetBits)
    HardFault_Handler                        0x080015fd   Thumb Code     4  stm32f10x_it.o(i.HardFault_Handler)
    Limit                                    0x08001601   Thumb Code    66  motor.o(i.Limit)
    Load                                     0x0800164d   Thumb Code    82  motor.o(i.Load)
    MPU6050_EXTI_Init                        0x080016b5   Thumb Code    74  mpu6050.o(i.MPU6050_EXTI_Init)
    MPU_Get_Accelerometer                    0x08001705   Thumb Code    80  mpu6050.o(i.MPU_Get_Accelerometer)
    MPU_Get_Gyroscope                        0x08001755   Thumb Code    80  mpu6050.o(i.MPU_Get_Gyroscope)
    MPU_IIC_Ack                              0x080017a5   Thumb Code    62  mpuiic.o(i.MPU_IIC_Ack)
    MPU_IIC_Delay                            0x080017f1   Thumb Code    10  mpuiic.o(i.MPU_IIC_Delay)
    MPU_IIC_Init                             0x080017fd   Thumb Code    38  mpuiic.o(i.MPU_IIC_Init)
    MPU_IIC_NAck                             0x08001829   Thumb Code    62  mpuiic.o(i.MPU_IIC_NAck)
    MPU_IIC_Read_Byte                        0x08001875   Thumb Code    94  mpuiic.o(i.MPU_IIC_Read_Byte)
    MPU_IIC_Send_Byte                        0x080018e1   Thumb Code    80  mpuiic.o(i.MPU_IIC_Send_Byte)
    MPU_IIC_Start                            0x0800193d   Thumb Code    60  mpuiic.o(i.MPU_IIC_Start)
    MPU_IIC_Stop                             0x08001985   Thumb Code    58  mpuiic.o(i.MPU_IIC_Stop)
    MPU_IIC_Wait_Ack                         0x080019cd   Thumb Code    86  mpuiic.o(i.MPU_IIC_Wait_Ack)
    MPU_Init                                 0x08001a31   Thumb Code   128  mpu6050.o(i.MPU_Init)
    MPU_Read_Byte                            0x08001ab5   Thumb Code    58  mpu6050.o(i.MPU_Read_Byte)
    MPU_Read_Len                             0x08001aef   Thumb Code   116  mpu6050.o(i.MPU_Read_Len)
    MPU_Set_Accel_Fsr                        0x08001b63   Thumb Code    16  mpu6050.o(i.MPU_Set_Accel_Fsr)
    MPU_Set_Gyro_Fsr                         0x08001b73   Thumb Code    16  mpu6050.o(i.MPU_Set_Gyro_Fsr)
    MPU_Set_LPF                              0x08001b83   Thumb Code    58  mpu6050.o(i.MPU_Set_LPF)
    MPU_Set_Rate                             0x08001bbd   Thumb Code    58  mpu6050.o(i.MPU_Set_Rate)
    MPU_Write_Byte                           0x08001bf7   Thumb Code    68  mpu6050.o(i.MPU_Write_Byte)
    MPU_Write_Len                            0x08001c3b   Thumb Code    96  mpu6050.o(i.MPU_Write_Len)
    MemManage_Handler                        0x08001c9b   Thumb Code     4  stm32f10x_it.o(i.MemManage_Handler)
    NMI_Handler                              0x08001c9f   Thumb Code     2  stm32f10x_it.o(i.NMI_Handler)
    NVIC_Configuration                       0x08001ca1   Thumb Code   128  stm32f10x_it.o(i.NVIC_Configuration)
    NVIC_Init                                0x08001d21   Thumb Code   100  misc.o(i.NVIC_Init)
    NVIC_PriorityGroupConfig                 0x08001d91   Thumb Code    10  misc.o(i.NVIC_PriorityGroupConfig)
    OLED_Clear                               0x08001da5   Thumb Code    62  oled.o(i.OLED_Clear)
    OLED_DrawBMP                             0x08001de3   Thumb Code   118  oled.o(i.OLED_DrawBMP)
    OLED_Float                               0x08001e59   Thumb Code   442  oled.o(i.OLED_Float)
    OLED_IIC_Start                           0x08002019   Thumb Code    44  oled.o(i.OLED_IIC_Start)
    OLED_IIC_Stop                            0x08002049   Thumb Code    34  oled.o(i.OLED_IIC_Stop)
    OLED_IIC_Wait_Ack                        0x08002071   Thumb Code    24  oled.o(i.OLED_IIC_Wait_Ack)
    OLED_Init                                0x0800208d   Thumb Code   282  oled.o(i.OLED_Init)
    OLED_Set_Pos                             0x080021b1   Thumb Code    40  oled.o(i.OLED_Set_Pos)
    OLED_ShowCHinese                         0x080021d9   Thumb Code    98  oled.o(i.OLED_ShowCHinese)
    OLED_ShowChar                            0x08002241   Thumb Code   154  oled.o(i.OLED_ShowChar)
    OLED_ShowString                          0x080022e5   Thumb Code    54  oled.o(i.OLED_ShowString)
    OLED_WR_Byte                             0x0800231b   Thumb Code    24  oled.o(i.OLED_WR_Byte)
    OLED_Write_IIC_Byte                      0x08002335   Thumb Code    88  oled.o(i.OLED_Write_IIC_Byte)
    OLED_Write_IIC_Command                   0x08002391   Thumb Code    44  oled.o(i.OLED_Write_IIC_Command)
    OLED_Write_IIC_Data                      0x080023bd   Thumb Code    44  oled.o(i.OLED_Write_IIC_Data)
    PID_erect                                0x080023e9   Thumb Code    74  control.o(i.PID_erect)
    PID_speed                                0x0800243d   Thumb Code   212  control.o(i.PID_speed)
    PID_turn                                 0x08002535   Thumb Code    60  control.o(i.PID_turn)
    PendSV_Handler                           0x08002579   Thumb Code     2  stm32f10x_it.o(i.PendSV_Handler)
    RCC_ADCCLKConfig                         0x0800257d   Thumb Code    18  stm32f10x_rcc.o(i.RCC_ADCCLKConfig)
    RCC_AHBPeriphClockCmd                    0x08002595   Thumb Code    26  stm32f10x_rcc.o(i.RCC_AHBPeriphClockCmd)
    RCC_APB1PeriphClockCmd                   0x080025b5   Thumb Code    26  stm32f10x_rcc.o(i.RCC_APB1PeriphClockCmd)
    RCC_APB1PeriphResetCmd                   0x080025d5   Thumb Code    26  stm32f10x_rcc.o(i.RCC_APB1PeriphResetCmd)
    RCC_APB2PeriphClockCmd                   0x080025f5   Thumb Code    26  stm32f10x_rcc.o(i.RCC_APB2PeriphClockCmd)
    RCC_APB2PeriphResetCmd                   0x08002615   Thumb Code    26  stm32f10x_rcc.o(i.RCC_APB2PeriphResetCmd)
    RCC_GetClocksFreq                        0x08002635   Thumb Code   192  stm32f10x_rcc.o(i.RCC_GetClocksFreq)
    Read_Speed                               0x08002709   Thumb Code    64  encoder.o(i.Read_Speed)
    Receive_datapack                         0x0800274d   Thumb Code    52  esp8266.o(i.Receive_datapack)
    SVC_Handler                              0x08002789   Thumb Code     2  stm32f10x_it.o(i.SVC_Handler)
    SysTick_CLKSourceConfig                  0x08002875   Thumb Code    40  misc.o(i.SysTick_CLKSourceConfig)
    SysTick_Handler                          0x0800289d   Thumb Code     2  stm32f10x_it.o(i.SysTick_Handler)
    SystemInit                               0x080028a1   Thumb Code    78  system_stm32f10x.o(i.SystemInit)
    TIM1_PWM_Init                            0x08002b41   Thumb Code   160  pwm.o(i.TIM1_PWM_Init)
    TIM2_IRQHandler                          0x08002be9   Thumb Code    22  encoder.o(i.TIM2_IRQHandler)
    TIM3_IRQHandler                          0x08002c01   Thumb Code    22  hc_sr04.o(i.TIM3_IRQHandler)
    TIM3_Int_Init                            0x08002c1d   Thumb Code    74  hc_sr04.o(i.TIM3_Int_Init)
    TIM4_IRQHandler                          0x08002c6d   Thumb Code    22  encoder.o(i.TIM4_IRQHandler)
    TIM_ARRPreloadConfig                     0x08002c89   Thumb Code    24  stm32f10x_tim.o(i.TIM_ARRPreloadConfig)
    TIM_ClearFlag                            0x08002ca1   Thumb Code     6  stm32f10x_tim.o(i.TIM_ClearFlag)
    TIM_ClearITPendingBit                    0x08002ca7   Thumb Code     6  stm32f10x_tim.o(i.TIM_ClearITPendingBit)
    TIM_Cmd                                  0x08002cad   Thumb Code    24  stm32f10x_tim.o(i.TIM_Cmd)
    TIM_CtrlPWMOutputs                       0x08002cc5   Thumb Code    30  stm32f10x_tim.o(i.TIM_CtrlPWMOutputs)
    TIM_DeInit                               0x08002ce5   Thumb Code   424  stm32f10x_tim.o(i.TIM_DeInit)
    TIM_EncoderInterfaceConfig               0x08002ecd   Thumb Code    66  stm32f10x_tim.o(i.TIM_EncoderInterfaceConfig)
    TIM_GetCounter                           0x08002f0f   Thumb Code     6  stm32f10x_tim.o(i.TIM_GetCounter)
    TIM_GetITStatus                          0x08002f15   Thumb Code    34  stm32f10x_tim.o(i.TIM_GetITStatus)
    TIM_ICInit                               0x08002f39   Thumb Code   150  stm32f10x_tim.o(i.TIM_ICInit)
    TIM_ICStructInit                         0x08002fe5   Thumb Code    18  stm32f10x_tim.o(i.TIM_ICStructInit)
    TIM_ITConfig                             0x08002ff7   Thumb Code    18  stm32f10x_tim.o(i.TIM_ITConfig)
    TIM_OC1Init                              0x08003009   Thumb Code   132  stm32f10x_tim.o(i.TIM_OC1Init)
    TIM_OC1PreloadConfig                     0x080030a1   Thumb Code    18  stm32f10x_tim.o(i.TIM_OC1PreloadConfig)
    TIM_OC2Init                              0x080030b5   Thumb Code   154  stm32f10x_tim.o(i.TIM_OC2Init)
    TIM_OC2PreloadConfig                     0x08003159   Thumb Code    26  stm32f10x_tim.o(i.TIM_OC2PreloadConfig)
    TIM_SetCounter                           0x08003173   Thumb Code     4  stm32f10x_tim.o(i.TIM_SetCounter)
    TIM_SetIC1Prescaler                      0x08003177   Thumb Code    18  stm32f10x_tim.o(i.TIM_SetIC1Prescaler)
    TIM_SetIC2Prescaler                      0x08003189   Thumb Code    26  stm32f10x_tim.o(i.TIM_SetIC2Prescaler)
    TIM_SetIC3Prescaler                      0x080031a3   Thumb Code    18  stm32f10x_tim.o(i.TIM_SetIC3Prescaler)
    TIM_SetIC4Prescaler                      0x080031b5   Thumb Code    26  stm32f10x_tim.o(i.TIM_SetIC4Prescaler)
    TIM_TimeBaseInit                         0x080031d1   Thumb Code   122  stm32f10x_tim.o(i.TIM_TimeBaseInit)
    TIM_TimeBaseStructInit                   0x08003275   Thumb Code    18  stm32f10x_tim.o(i.TIM_TimeBaseStructInit)
    USART2_Configuration                     0x08003289   Thumb Code   184  esp8266.o(i.USART2_Configuration)
    USART2_DMA_Rx_Config                     0x08003349   Thumb Code    94  esp8266.o(i.USART2_DMA_Rx_Config)
    USART2_IRQHandler                        0x080033b5   Thumb Code   268  esp8266.o(i.USART2_IRQHandler)
    USART2_SendData                          0x08003511   Thumb Code    28  esp8266.o(i.USART2_SendData)
    USART_ClearFlag                          0x08003531   Thumb Code    18  stm32f10x_usart.o(i.USART_ClearFlag)
    USART_ClockInit                          0x08003543   Thumb Code    34  stm32f10x_usart.o(i.USART_ClockInit)
    USART_Cmd                                0x08003565   Thumb Code    24  stm32f10x_usart.o(i.USART_Cmd)
    USART_DMACmd                             0x0800357d   Thumb Code    18  stm32f10x_usart.o(i.USART_DMACmd)
    USART_GetFlagStatus                      0x0800358f   Thumb Code    26  stm32f10x_usart.o(i.USART_GetFlagStatus)
    USART_GetITStatus                        0x080035a9   Thumb Code    84  stm32f10x_usart.o(i.USART_GetITStatus)
    USART_ITConfig                           0x080035fd   Thumb Code    74  stm32f10x_usart.o(i.USART_ITConfig)
    USART_Init                               0x08003649   Thumb Code   210  stm32f10x_usart.o(i.USART_Init)
    USART_ReceiveData                        0x08003721   Thumb Code    10  stm32f10x_usart.o(i.USART_ReceiveData)
    USART_SendData                           0x0800372b   Thumb Code     8  stm32f10x_usart.o(i.USART_SendData)
    UsageFault_Handler                       0x08003733   Thumb Code     4  stm32f10x_it.o(i.UsageFault_Handler)
    __0printf$8                              0x08003739   Thumb Code    22  printf8.o(i.__0printf$8)
    __1printf$8                              0x08003739   Thumb Code     0  printf8.o(i.__0printf$8)
    __2printf                                0x08003739   Thumb Code     0  printf8.o(i.__0printf$8)
    __ARM_fpclassify                         0x08003759   Thumb Code    40  fpclassify.o(i.__ARM_fpclassify)
    __kernel_poly                            0x08003781   Thumb Code   170  poly.o(i.__kernel_poly)
    __mathlib_dbl_infnan                     0x0800382b   Thumb Code     6  dunder.o(i.__mathlib_dbl_infnan)
    __mathlib_dbl_infnan2                    0x08003831   Thumb Code     4  dunder.o(i.__mathlib_dbl_infnan2)
    __mathlib_dbl_invalid                    0x08003835   Thumb Code    12  dunder.o(i.__mathlib_dbl_invalid)
    __mathlib_dbl_underflow                  0x08003841   Thumb Code    10  dunder.o(i.__mathlib_dbl_underflow)
    __scatterload_copy                       0x08003851   Thumb Code    14  handlers.o(i.__scatterload_copy)
    __scatterload_null                       0x0800385f   Thumb Code     2  handlers.o(i.__scatterload_null)
    __scatterload_zeroinit                   0x08003861   Thumb Code    14  handlers.o(i.__scatterload_zeroinit)
    __set_errno                              0x08003871   Thumb Code     6  errno.o(i.__set_errno)
    adc_read                                 0x08003d8d   Thumb Code   168  adc.o(i.adc_read)
    asin                                     0x08003e61   Thumb Code   572  asin.o(i.asin)
    atan                                     0x080040d1   Thumb Code   474  atan.o(i.atan)
    atan2                                    0x080042f1   Thumb Code   346  atan2.o(i.atan2)
    bibi                                     0x08004471   Thumb Code     8  buzzer.o(i.bibi)
    delay_init                               0x080044e1   Thumb Code    50  delay.o(i.delay_init)
    delay_ms                                 0x08004525   Thumb Code    72  delay.o(i.delay_ms)
    delay_us                                 0x08004571   Thumb Code    72  delay.o(i.delay_us)
    dmp_enable_6x_lp_quat                    0x080045bd   Thumb Code    60  inv_mpu_dmp_motion_driver.o(i.dmp_enable_6x_lp_quat)
    dmp_enable_feature                       0x080045f9   Thumb Code   530  inv_mpu_dmp_motion_driver.o(i.dmp_enable_feature)
    dmp_enable_gyro_cal                      0x08004815   Thumb Code    62  inv_mpu_dmp_motion_driver.o(i.dmp_enable_gyro_cal)
    dmp_enable_lp_quat                       0x0800486d   Thumb Code    60  inv_mpu_dmp_motion_driver.o(i.dmp_enable_lp_quat)
    dmp_load_motion_driver_firmware          0x080048a9   Thumb Code    20  inv_mpu_dmp_motion_driver.o(i.dmp_load_motion_driver_firmware)
    dmp_read_fifo                            0x080048c1   Thumb Code   456  inv_mpu_dmp_motion_driver.o(i.dmp_read_fifo)
    dmp_set_accel_bias                       0x08004a8d   Thumb Code   300  inv_mpu_dmp_motion_driver.o(i.dmp_set_accel_bias)
    dmp_set_fifo_rate                        0x08004bbd   Thumb Code    96  inv_mpu_dmp_motion_driver.o(i.dmp_set_fifo_rate)
    dmp_set_gyro_bias                        0x08004c2d   Thumb Code   294  inv_mpu_dmp_motion_driver.o(i.dmp_set_gyro_bias)
    dmp_set_orientation                      0x08004d5d   Thumb Code   290  inv_mpu_dmp_motion_driver.o(i.dmp_set_orientation)
    dmp_set_shake_reject_thresh              0x08004e95   Thumb Code    56  inv_mpu_dmp_motion_driver.o(i.dmp_set_shake_reject_thresh)
    dmp_set_shake_reject_time                0x08004ecd   Thumb Code    38  inv_mpu_dmp_motion_driver.o(i.dmp_set_shake_reject_time)
    dmp_set_shake_reject_timeout             0x08004ef3   Thumb Code    38  inv_mpu_dmp_motion_driver.o(i.dmp_set_shake_reject_timeout)
    dmp_set_tap_axes                         0x08004f19   Thumb Code    70  inv_mpu_dmp_motion_driver.o(i.dmp_set_tap_axes)
    dmp_set_tap_count                        0x08004f5f   Thumb Code    38  inv_mpu_dmp_motion_driver.o(i.dmp_set_tap_count)
    dmp_set_tap_thresh                       0x08004f85   Thumb Code   396  inv_mpu_dmp_motion_driver.o(i.dmp_set_tap_thresh)
    dmp_set_tap_time                         0x08005125   Thumb Code    38  inv_mpu_dmp_motion_driver.o(i.dmp_set_tap_time)
    dmp_set_tap_time_multi                   0x0800514b   Thumb Code    38  inv_mpu_dmp_motion_driver.o(i.dmp_set_tap_time_multi)
    drawbmp                                  0x08005171   Thumb Code    54  oled.o(i.drawbmp)
    esp8266_init                             0x080051b1   Thumb Code   414  esp8266.o(i.esp8266_init)
    fputc                                    0x08005379   Thumb Code    18  fputc.o(i.fputc)
    hc_sr04_init                             0x080059c9   Thumb Code   114  hc_sr04.o(i.hc_sr04_init)
    hc_sr04_open                             0x08005a41   Thumb Code    32  hc_sr04.o(i.hc_sr04_open)
    hc_sr04_start                            0x08005a65   Thumb Code    24  hc_sr04.o(i.hc_sr04_start)
    inv_orientation_matrix_to_scalar         0x08005a85   Thumb Code    40  inv_mpu.o(i.inv_orientation_matrix_to_scalar)
    inv_row_2_scale                          0x08005aad   Thumb Code    78  inv_mpu.o(i.inv_row_2_scale)
    main                                     0x08005afb   Thumb Code   110  main.o(i.main)
    mget_ms                                  0x08005b69   Thumb Code     2  inv_mpu.o(i.mget_ms)
    moto_control_gpioinit                    0x08005b6d   Thumb Code    66  motor.o(i.moto_control_gpioinit)
    mpu_configure_fifo                       0x08005bb9   Thumb Code   106  inv_mpu.o(i.mpu_configure_fifo)
    mpu_dmp_get_data                         0x08005c29   Thumb Code   544  inv_mpu.o(i.mpu_dmp_get_data)
    mpu_dmp_init                             0x08005e4d   Thumb Code   148  inv_mpu.o(i.mpu_dmp_init)
    mpu_get_accel_fsr                        0x08005ee5   Thumb Code    72  inv_mpu.o(i.mpu_get_accel_fsr)
    mpu_get_accel_sens                       0x08005f31   Thumb Code    78  inv_mpu.o(i.mpu_get_accel_sens)
    mpu_get_fifo_config                      0x08005f85   Thumb Code    12  inv_mpu.o(i.mpu_get_fifo_config)
    mpu_get_gyro_fsr                         0x08005f95   Thumb Code    64  inv_mpu.o(i.mpu_get_gyro_fsr)
    mpu_get_gyro_sens                        0x08005fd9   Thumb Code    58  inv_mpu.o(i.mpu_get_gyro_sens)
    mpu_get_lpf                              0x08006029   Thumb Code    74  inv_mpu.o(i.mpu_get_lpf)
    mpu_get_sample_rate                      0x08006079   Thumb Code    26  inv_mpu.o(i.mpu_get_sample_rate)
    mpu_init                                 0x08006099   Thumb Code   416  inv_mpu.o(i.mpu_init)
    mpu_load_firmware                        0x08006289   Thumb Code   180  inv_mpu.o(i.mpu_load_firmware)
    mpu_lp_accel_mode                        0x08006341   Thumb Code   218  inv_mpu.o(i.mpu_lp_accel_mode)
    mpu_read_fifo_stream                     0x08006421   Thumb Code   186  inv_mpu.o(i.mpu_read_fifo_stream)
    mpu_read_mem                             0x080064e1   Thumb Code   122  inv_mpu.o(i.mpu_read_mem)
    mpu_reset_fifo                           0x08006561   Thumb Code   450  inv_mpu.o(i.mpu_reset_fifo)
    mpu_run_self_test                        0x08006729   Thumb Code   278  inv_mpu.o(i.mpu_run_self_test)
    mpu_set_accel_fsr                        0x08006845   Thumb Code   126  inv_mpu.o(i.mpu_set_accel_fsr)
    mpu_set_bypass                           0x080068c9   Thumb Code   328  inv_mpu.o(i.mpu_set_bypass)
    mpu_set_dmp_state                        0x08006a15   Thumb Code   138  inv_mpu.o(i.mpu_set_dmp_state)
    mpu_set_gyro_fsr                         0x08006aa5   Thumb Code   132  inv_mpu.o(i.mpu_set_gyro_fsr)
    mpu_set_int_latched                      0x08006b2d   Thumb Code   102  inv_mpu.o(i.mpu_set_int_latched)
    mpu_set_lpf                              0x08006b99   Thumb Code   126  inv_mpu.o(i.mpu_set_lpf)
    mpu_set_sample_rate                      0x08006c1d   Thumb Code   152  inv_mpu.o(i.mpu_set_sample_rate)
    mpu_set_sensors                          0x08006cb9   Thumb Code   202  inv_mpu.o(i.mpu_set_sensors)
    mpu_write_mem                            0x08006d89   Thumb Code   122  inv_mpu.o(i.mpu_write_mem)
    oled_adc                                 0x08006e09   Thumb Code   106  oled.o(i.oled_adc)
    oled_open_re                             0x08006e75   Thumb Code   190  oled.o(i.oled_open_re)
    oled_pid                                 0x08006f41   Thumb Code   306  oled.o(i.oled_pid)
    printf_str                               0x08007091   Thumb Code    34  esp8266.o(i.printf_str)
    run_self_test                            0x080070b3   Thumb Code   148  inv_mpu.o(i.run_self_test)
    sqrt                                     0x080071d9   Thumb Code    76  sqrt.o(i.sqrt)
    usart_res_pid                            0x08007225   Thumb Code   544  esp8266.o(i.usart_res_pid)
    reg                                      0x08007524   Data          27  inv_mpu.o(.constdata)
    hw                                       0x08007540   Data          12  inv_mpu.o(.constdata)
    test                                     0x0800754c   Data          40  inv_mpu.o(.constdata)
    __mathlib_zero                           0x08008258   Data           8  qnan.o(.constdata)
    Region$$Table$$Base                      0x080082b0   Number         0  anon$$obj.o(Region$$Table)
    Region$$Table$$Limit                     0x080082d0   Number         0  anon$$obj.o(Region$$Table)
    adc_data                                 0x20000000   Data           4  adc.o(.data)
    dyzh                                     0x20000004   Data           4  adc.o(.data)
    i                                        0x20000008   Data           1  adc.o(.data)
    sum                                      0x2000000c   Data           4  adc.o(.data)
    Pitch                                    0x20000010   Data           4  control.o(.data)
    Roll                                     0x20000014   Data           4  control.o(.data)
    Yaw                                      0x20000018   Data           4  control.o(.data)
    gyrox                                    0x2000001c   Data           2  control.o(.data)
    gyroy                                    0x2000001e   Data           2  control.o(.data)
    gyroz                                    0x20000020   Data           2  control.o(.data)
    aacx                                     0x20000022   Data           2  control.o(.data)
    aacy                                     0x20000024   Data           2  control.o(.data)
    aacz                                     0x20000026   Data           2  control.o(.data)
    MOD                                      0x20000028   Data           4  control.o(.data)
    t                                        0x2000002c   Data           4  control.o(.data)
    erect_kp                                 0x20000030   Data           4  control.o(.data)
    erect_kd                                 0x20000034   Data           4  control.o(.data)
    speed_Kp                                 0x20000038   Data           4  control.o(.data)
    speed_Ki                                 0x2000003c   Data           4  control.o(.data)
    turn_kp                                  0x20000040   Data           4  control.o(.data)
    turn_kd                                  0x20000044   Data           4  control.o(.data)
    erect_out                                0x20000048   Data           4  control.o(.data)
    speed_out                                0x2000004c   Data           4  control.o(.data)
    turn_out                                 0x20000050   Data           4  control.o(.data)
    moto1                                    0x20000054   Data           4  control.o(.data)
    moto2                                    0x20000058   Data           4  control.o(.data)
    PWM_out                                  0x2000005c   Data           4  control.o(.data)
    flag_up                                  0x20000060   Data           4  control.o(.data)
    Encoder_Left                             0x20000064   Data           4  control.o(.data)
    Encoder_Right                            0x20000068   Data           4  control.o(.data)
    fore                                     0x20000080   Data           1  esp8266.o(.data)
    back                                     0x20000081   Data           1  esp8266.o(.data)
    left                                     0x20000082   Data           1  esp8266.o(.data)
    right                                    0x20000083   Data           1  esp8266.o(.data)
    Res                                      0x20000084   Data           1  esp8266.o(.data)
    key                                      0x20000085   Data           1  esp8266.o(.data)
    j                                        0x20000086   Data           1  esp8266.o(.data)
    TX_DATA                                  0x20000087   Data           8  esp8266.o(.data)
    turn                                     0x20000090   Data           4  esp8266.o(.data)
    speed                                    0x20000094   Data           4  esp8266.o(.data)
    buff_length                              0x20000098   Data           4  esp8266.o(.data)
    USART2_flag                              0x2000009c   Data           1  esp8266.o(.data)
    Long                                     0x200000a0   Data           4  hc_sr04.o(.data)
    Num                                      0x200000a4   Data           4  hc_sr04.o(.data)
    pwm_max                                  0x200000e0   Data           4  motor.o(.data)
    pwm_min                                  0x200000e4   Data           4  motor.o(.data)
    res                                      0x200000e8   Data           1  mpu6050.o(.data)
    F6x8                                     0x200000e9   Data         552  oled.o(.data)
    F8X16                                    0x20000311   Data        1520  oled.o(.data)
    Hzk                                      0x20000901   Data        1536  oled.o(.data)
    bmp1                                     0x20000f01   Data        1024  oled.o(.data)
    bmp2                                     0x20001301   Data        1024  oled.o(.data)
    SystemCoreClock                          0x20001708   Data           4  system_stm32f10x.o(.data)
    AHBPrescTable                            0x2000170c   Data          16  system_stm32f10x.o(.data)
    __stdout                                 0x20001730   Data           4  stdout.o(.data)
    USART2_RX_BUF                            0x20001738   Data        1000  esp8266.o(.bss)
    USART2_TX_BUF                            0x20001b20   Data        1000  esp8266.o(.bss)
    __initial_sp                             0x20002318   Data           0  startup_stm32f10x_md.o(STACK)



==============================================================================

Memory Map of the image

  Image Entry point : 0x080000ed

  Load Region LR_IROM1 (Base: 0x08000000, Size: 0x00009a08, Max: 0x00010000, ABSOLUTE, COMPRESSED[0x00008c1c])

    Execution Region ER_IROM1 (Exec base: 0x08000000, Load base: 0x08000000, Size: 0x000082d0, Max: 0x00010000, ABSOLUTE)

    Exec Addr    Load Addr    Size         Type   Attr      Idx    E Section Name        Object

    0x08000000   0x08000000   0x000000ec   Data   RO         4450    RESET               startup_stm32f10x_md.o
    0x080000ec   0x080000ec   0x00000000   Code   RO         4473  * .ARM.Collect$$$$00000000  mc_w.l(entry.o)
    0x080000ec   0x080000ec   0x00000004   Code   RO         4824    .ARM.Collect$$$$00000001  mc_w.l(entry2.o)
    0x080000f0   0x080000f0   0x00000004   Code   RO         4827    .ARM.Collect$$$$00000004  mc_w.l(entry5.o)
    0x080000f4   0x080000f4   0x00000000   Code   RO         4829    .ARM.Collect$$$$00000008  mc_w.l(entry7b.o)
    0x080000f4   0x080000f4   0x00000000   Code   RO         4831    .ARM.Collect$$$$0000000A  mc_w.l(entry8b.o)
    0x080000f4   0x080000f4   0x00000008   Code   RO         4832    .ARM.Collect$$$$0000000B  mc_w.l(entry9a.o)
    0x080000fc   0x080000fc   0x00000000   Code   RO         4834    .ARM.Collect$$$$0000000D  mc_w.l(entry10a.o)
    0x080000fc   0x080000fc   0x00000000   Code   RO         4836    .ARM.Collect$$$$0000000F  mc_w.l(entry11a.o)
    0x080000fc   0x080000fc   0x00000004   Code   RO         4825    .ARM.Collect$$$$00002712  mc_w.l(entry2.o)
    0x08000100   0x08000100   0x00000024   Code   RO         4451    .text               startup_stm32f10x_md.o
    0x08000124   0x08000124   0x00000062   Code   RO         4476    .text               mc_w.l(ldiv.o)
    0x08000186   0x08000186   0x00000024   Code   RO         4478    .text               mc_w.l(memcpya.o)
    0x080001aa   0x080001aa   0x00000024   Code   RO         4480    .text               mc_w.l(memseta.o)
    0x080001ce   0x080001ce   0x0000000e   Code   RO         4482    .text               mc_w.l(strlen.o)
    0x080001dc   0x080001dc   0x0000001a   Code   RO         4484    .text               mc_w.l(memcmp.o)
    0x080001f6   0x080001f6   0x000000b0   Code   RO         4749    .text               mf_w.l(fadd.o)
    0x080002a6   0x080002a6   0x00000064   Code   RO         4751    .text               mf_w.l(fmul.o)
    0x0800030a   0x0800030a   0x0000007c   Code   RO         4753    .text               mf_w.l(fdiv.o)
    0x08000386   0x08000386   0x0000014e   Code   RO         4755    .text               mf_w.l(dadd.o)
    0x080004d4   0x080004d4   0x000000e4   Code   RO         4757    .text               mf_w.l(dmul.o)
    0x080005b8   0x080005b8   0x000000de   Code   RO         4759    .text               mf_w.l(ddiv.o)
    0x08000696   0x08000696   0x00000012   Code   RO         4761    .text               mf_w.l(fflti.o)
    0x080006a8   0x080006a8   0x0000000a   Code   RO         4763    .text               mf_w.l(ffltui.o)
    0x080006b2   0x080006b2   0x00000022   Code   RO         4765    .text               mf_w.l(dflti.o)
    0x080006d4   0x080006d4   0x0000001a   Code   RO         4767    .text               mf_w.l(dfltui.o)
    0x080006ee   0x080006ee   0x00000032   Code   RO         4769    .text               mf_w.l(ffixi.o)
    0x08000720   0x08000720   0x00000028   Code   RO         4771    .text               mf_w.l(ffixui.o)
    0x08000748   0x08000748   0x0000003e   Code   RO         4773    .text               mf_w.l(dfixi.o)
    0x08000786   0x08000786   0x00000032   Code   RO         4775    .text               mf_w.l(dfixui.o)
    0x080007b8   0x080007b8   0x00000026   Code   RO         4777    .text               mf_w.l(f2d.o)
    0x080007de   0x080007de   0x00000002   PAD
    0x080007e0   0x080007e0   0x00000030   Code   RO         4779    .text               mf_w.l(cdcmple.o)
    0x08000810   0x08000810   0x00000038   Code   RO         4781    .text               mf_w.l(d2f.o)
    0x08000848   0x08000848   0x00000014   Code   RO         4783    .text               mf_w.l(cfcmple.o)
    0x0800085c   0x0800085c   0x00000014   Code   RO         4785    .text               mf_w.l(cfrcmple.o)
    0x08000870   0x08000870   0x00000062   Code   RO         4843    .text               mc_w.l(uldiv.o)
    0x080008d2   0x080008d2   0x0000001e   Code   RO         4845    .text               mc_w.l(llshl.o)
    0x080008f0   0x080008f0   0x00000020   Code   RO         4847    .text               mc_w.l(llushr.o)
    0x08000910   0x08000910   0x00000024   Code   RO         4849    .text               mc_w.l(llsshr.o)
    0x08000934   0x08000934   0x00000000   Code   RO         4858    .text               mc_w.l(iusefp.o)
    0x08000934   0x08000934   0x0000006e   Code   RO         4859    .text               mf_w.l(fepilogue.o)
    0x080009a2   0x080009a2   0x000000ba   Code   RO         4861    .text               mf_w.l(depilogue.o)
    0x08000a5c   0x08000a5c   0x0000002e   Code   RO         4863    .text               mf_w.l(dscalb.o)
    0x08000a8a   0x08000a8a   0x00000002   PAD
    0x08000a8c   0x08000a8c   0x00000024   Code   RO         4869    .text               mc_w.l(init.o)
    0x08000ab0   0x08000ab0   0x00000000   Code   RO         4871    .text               mc_w.l(semi.o)
    0x08000ab0   0x08000ab0   0x00000000   Code   RO         4872    .text               mc_w.l(iusesemip.o)
    0x08000ab0   0x08000ab0   0x000000a2   Code   RO         4873    .text               mf_w.l(dsqrt.o)
    0x08000b52   0x08000b52   0x00000056   Code   RO         4883    .text               mc_w.l(__dczerorl2.o)
    0x08000ba8   0x08000ba8   0x00000088   Code   RO          180    i.ADC1_Init         adc.o
    0x08000c30   0x08000c30   0x00000016   Code   RO         1478    i.ADC_Cmd           stm32f10x_adc.o
    0x08000c46   0x08000c46   0x00000016   Code   RO         1479    i.ADC_DMACmd        stm32f10x_adc.o
    0x08000c5c   0x08000c5c   0x0000005c   Code   RO         1480    i.ADC_DeInit        stm32f10x_adc.o
    0x08000cb8   0x08000cb8   0x00000024   Code   RO          181    i.ADC_GPIO_Init     adc.o
    0x08000cdc   0x08000cdc   0x00000014   Code   RO         1486    i.ADC_GetCalibrationStatus  stm32f10x_adc.o
    0x08000cf0   0x08000cf0   0x00000008   Code   RO         1487    i.ADC_GetConversionValue  stm32f10x_adc.o
    0x08000cf8   0x08000cf8   0x00000012   Code   RO         1489    i.ADC_GetFlagStatus  stm32f10x_adc.o
    0x08000d0a   0x08000d0a   0x00000014   Code   RO         1492    i.ADC_GetResetCalibrationStatus  stm32f10x_adc.o
    0x08000d1e   0x08000d1e   0x00000002   PAD
    0x08000d20   0x08000d20   0x00000050   Code   RO         1496    i.ADC_Init          stm32f10x_adc.o
    0x08000d70   0x08000d70   0x000000b8   Code   RO         1500    i.ADC_RegularChannelConfig  stm32f10x_adc.o
    0x08000e28   0x08000e28   0x0000000a   Code   RO         1501    i.ADC_ResetCalibration  stm32f10x_adc.o
    0x08000e32   0x08000e32   0x00000016   Code   RO         1503    i.ADC_SoftwareStartConvCmd  stm32f10x_adc.o
    0x08000e48   0x08000e48   0x0000000a   Code   RO         1505    i.ADC_StartCalibration  stm32f10x_adc.o
    0x08000e52   0x08000e52   0x00000004   Code   RO          114    i.BusFault_Handler  stm32f10x_it.o
    0x08000e56   0x08000e56   0x00000002   PAD
    0x08000e58   0x08000e58   0x0000001c   Code   RO         2179    i.DMA_ClearFlag     stm32f10x_dma.o
    0x08000e74   0x08000e74   0x00000018   Code   RO         2181    i.DMA_Cmd           stm32f10x_dma.o
    0x08000e8c   0x08000e8c   0x00000008   Code   RO         2183    i.DMA_GetCurrDataCounter  stm32f10x_dma.o
    0x08000e94   0x08000e94   0x00000012   Code   RO         2186    i.DMA_ITConfig      stm32f10x_dma.o
    0x08000ea6   0x08000ea6   0x0000003c   Code   RO         2187    i.DMA_Init          stm32f10x_dma.o
    0x08000ee2   0x08000ee2   0x00000002   Code   RO          115    i.DebugMon_Handler  stm32f10x_it.o
    0x08000ee4   0x08000ee4   0x00000074   Code   RO          391    i.EXTI15_10_IRQHandler  hc_sr04.o
    0x08000f58   0x08000f58   0x000002b8   Code   RO          225    i.EXTI9_5_IRQHandler  control.o
    0x08001210   0x08001210   0x0000000c   Code   RO         2252    i.EXTI_ClearITPendingBit  stm32f10x_exti.o
    0x0800121c   0x0800121c   0x00000028   Code   RO         2256    i.EXTI_GetITStatus  stm32f10x_exti.o
    0x08001244   0x08001244   0x00000094   Code   RO         2257    i.EXTI_Init         stm32f10x_exti.o
    0x080012d8   0x080012d8   0x00000098   Code   RO          263    i.Encoder_TIM2_Init  encoder.o
    0x08001370   0x08001370   0x0000009c   Code   RO          264    i.Encoder_TIM4_Init  encoder.o
    0x0800140c   0x0800140c   0x00000040   Code   RO         2608    i.GPIO_EXTILineConfig  stm32f10x_gpio.o
    0x0800144c   0x0800144c   0x00000116   Code   RO         2611    i.GPIO_Init         stm32f10x_gpio.o
    0x08001562   0x08001562   0x00000002   PAD
    0x08001564   0x08001564   0x00000090   Code   RO         2613    i.GPIO_PinRemapConfig  stm32f10x_gpio.o
    0x080015f4   0x080015f4   0x00000004   Code   RO         2618    i.GPIO_ResetBits    stm32f10x_gpio.o
    0x080015f8   0x080015f8   0x00000004   Code   RO         2619    i.GPIO_SetBits      stm32f10x_gpio.o
    0x080015fc   0x080015fc   0x00000004   Code   RO          116    i.HardFault_Handler  stm32f10x_it.o
    0x08001600   0x08001600   0x0000004c   Code   RO          957    i.Limit             motor.o
    0x0800164c   0x0800164c   0x00000068   Code   RO          958    i.Load              motor.o
    0x080016b4   0x080016b4   0x00000050   Code   RO          984    i.MPU6050_EXTI_Init  mpu6050.o
    0x08001704   0x08001704   0x00000050   Code   RO          985    i.MPU_Get_Accelerometer  mpu6050.o
    0x08001754   0x08001754   0x00000050   Code   RO          986    i.MPU_Get_Gyroscope  mpu6050.o
    0x080017a4   0x080017a4   0x0000004c   Code   RO         1071    i.MPU_IIC_Ack       mpuiic.o
    0x080017f0   0x080017f0   0x0000000a   Code   RO         1072    i.MPU_IIC_Delay     mpuiic.o
    0x080017fa   0x080017fa   0x00000002   PAD
    0x080017fc   0x080017fc   0x0000002c   Code   RO         1073    i.MPU_IIC_Init      mpuiic.o
    0x08001828   0x08001828   0x0000004c   Code   RO         1074    i.MPU_IIC_NAck      mpuiic.o
    0x08001874   0x08001874   0x0000006c   Code   RO         1075    i.MPU_IIC_Read_Byte  mpuiic.o
    0x080018e0   0x080018e0   0x0000005c   Code   RO         1076    i.MPU_IIC_Send_Byte  mpuiic.o
    0x0800193c   0x0800193c   0x00000048   Code   RO         1077    i.MPU_IIC_Start     mpuiic.o
    0x08001984   0x08001984   0x00000048   Code   RO         1078    i.MPU_IIC_Stop      mpuiic.o
    0x080019cc   0x080019cc   0x00000064   Code   RO         1079    i.MPU_IIC_Wait_Ack  mpuiic.o
    0x08001a30   0x08001a30   0x00000084   Code   RO          988    i.MPU_Init          mpu6050.o
    0x08001ab4   0x08001ab4   0x0000003a   Code   RO          989    i.MPU_Read_Byte     mpu6050.o
    0x08001aee   0x08001aee   0x00000074   Code   RO          990    i.MPU_Read_Len      mpu6050.o
    0x08001b62   0x08001b62   0x00000010   Code   RO          991    i.MPU_Set_Accel_Fsr  mpu6050.o
    0x08001b72   0x08001b72   0x00000010   Code   RO          992    i.MPU_Set_Gyro_Fsr  mpu6050.o
    0x08001b82   0x08001b82   0x0000003a   Code   RO          993    i.MPU_Set_LPF       mpu6050.o
    0x08001bbc   0x08001bbc   0x0000003a   Code   RO          994    i.MPU_Set_Rate      mpu6050.o
    0x08001bf6   0x08001bf6   0x00000044   Code   RO          995    i.MPU_Write_Byte    mpu6050.o
    0x08001c3a   0x08001c3a   0x00000060   Code   RO          996    i.MPU_Write_Len     mpu6050.o
    0x08001c9a   0x08001c9a   0x00000004   Code   RO          117    i.MemManage_Handler  stm32f10x_it.o
    0x08001c9e   0x08001c9e   0x00000002   Code   RO          118    i.NMI_Handler       stm32f10x_it.o
    0x08001ca0   0x08001ca0   0x00000080   Code   RO          119    i.NVIC_Configuration  stm32f10x_it.o
    0x08001d20   0x08001d20   0x00000070   Code   RO         1436    i.NVIC_Init         misc.o
    0x08001d90   0x08001d90   0x00000014   Code   RO         1437    i.NVIC_PriorityGroupConfig  misc.o
    0x08001da4   0x08001da4   0x0000003e   Code   RO         1133    i.OLED_Clear        oled.o
    0x08001de2   0x08001de2   0x00000076   Code   RO         1136    i.OLED_DrawBMP      oled.o
    0x08001e58   0x08001e58   0x000001c0   Code   RO         1137    i.OLED_Float        oled.o
    0x08002018   0x08002018   0x00000030   Code   RO         1139    i.OLED_IIC_Start    oled.o
    0x08002048   0x08002048   0x00000028   Code   RO         1140    i.OLED_IIC_Stop     oled.o
    0x08002070   0x08002070   0x0000001c   Code   RO         1141    i.OLED_IIC_Wait_Ack  oled.o
    0x0800208c   0x0800208c   0x00000124   Code   RO         1142    i.OLED_Init         oled.o
    0x080021b0   0x080021b0   0x00000028   Code   RO         1149    i.OLED_Set_Pos      oled.o
    0x080021d8   0x080021d8   0x00000068   Code   RO         1150    i.OLED_ShowCHinese  oled.o
    0x08002240   0x08002240   0x000000a4   Code   RO         1151    i.OLED_ShowChar     oled.o
    0x080022e4   0x080022e4   0x00000036   Code   RO         1153    i.OLED_ShowString   oled.o
    0x0800231a   0x0800231a   0x00000018   Code   RO         1154    i.OLED_WR_Byte      oled.o
    0x08002332   0x08002332   0x00000002   PAD
    0x08002334   0x08002334   0x0000005c   Code   RO         1155    i.OLED_Write_IIC_Byte  oled.o
    0x08002390   0x08002390   0x0000002c   Code   RO         1156    i.OLED_Write_IIC_Command  oled.o
    0x080023bc   0x080023bc   0x0000002c   Code   RO         1157    i.OLED_Write_IIC_Data  oled.o
    0x080023e8   0x080023e8   0x00000054   Code   RO          226    i.PID_erect         control.o
    0x0800243c   0x0800243c   0x000000f8   Code   RO          227    i.PID_speed         control.o
    0x08002534   0x08002534   0x00000044   Code   RO          228    i.PID_turn          control.o
    0x08002578   0x08002578   0x00000002   Code   RO          120    i.PendSV_Handler    stm32f10x_it.o
    0x0800257a   0x0800257a   0x00000002   PAD
    0x0800257c   0x0800257c   0x00000018   Code   RO         3034    i.RCC_ADCCLKConfig  stm32f10x_rcc.o
    0x08002594   0x08002594   0x00000020   Code   RO         3035    i.RCC_AHBPeriphClockCmd  stm32f10x_rcc.o
    0x080025b4   0x080025b4   0x00000020   Code   RO         3036    i.RCC_APB1PeriphClockCmd  stm32f10x_rcc.o
    0x080025d4   0x080025d4   0x00000020   Code   RO         3037    i.RCC_APB1PeriphResetCmd  stm32f10x_rcc.o
    0x080025f4   0x080025f4   0x00000020   Code   RO         3038    i.RCC_APB2PeriphClockCmd  stm32f10x_rcc.o
    0x08002614   0x08002614   0x00000020   Code   RO         3039    i.RCC_APB2PeriphResetCmd  stm32f10x_rcc.o
    0x08002634   0x08002634   0x000000d4   Code   RO         3046    i.RCC_GetClocksFreq  stm32f10x_rcc.o
    0x08002708   0x08002708   0x00000044   Code   RO          265    i.Read_Speed        encoder.o
    0x0800274c   0x0800274c   0x0000003c   Code   RO          300    i.Receive_datapack  esp8266.o
    0x08002788   0x08002788   0x00000002   Code   RO          121    i.SVC_Handler       stm32f10x_it.o
    0x0800278a   0x0800278a   0x00000008   Code   RO         1402    i.SetSysClock       system_stm32f10x.o
    0x08002792   0x08002792   0x00000002   PAD
    0x08002794   0x08002794   0x000000e0   Code   RO         1403    i.SetSysClockTo72   system_stm32f10x.o
    0x08002874   0x08002874   0x00000028   Code   RO         1440    i.SysTick_CLKSourceConfig  misc.o
    0x0800289c   0x0800289c   0x00000002   Code   RO          122    i.SysTick_Handler   stm32f10x_it.o
    0x0800289e   0x0800289e   0x00000002   PAD
    0x080028a0   0x080028a0   0x00000060   Code   RO         1405    i.SystemInit        system_stm32f10x.o
    0x08002900   0x08002900   0x00000080   Code   RO         3663    i.TI1_Config        stm32f10x_tim.o
    0x08002980   0x08002980   0x00000098   Code   RO         3664    i.TI2_Config        stm32f10x_tim.o
    0x08002a18   0x08002a18   0x00000090   Code   RO         3665    i.TI3_Config        stm32f10x_tim.o
    0x08002aa8   0x08002aa8   0x00000098   Code   RO         3666    i.TI4_Config        stm32f10x_tim.o
    0x08002b40   0x08002b40   0x000000a8   Code   RO         1353    i.TIM1_PWM_Init     pwm.o
    0x08002be8   0x08002be8   0x00000016   Code   RO          266    i.TIM2_IRQHandler   encoder.o
    0x08002bfe   0x08002bfe   0x00000002   PAD
    0x08002c00   0x08002c00   0x0000001c   Code   RO          392    i.TIM3_IRQHandler   hc_sr04.o
    0x08002c1c   0x08002c1c   0x00000050   Code   RO          393    i.TIM3_Int_Init     hc_sr04.o
    0x08002c6c   0x08002c6c   0x0000001c   Code   RO          267    i.TIM4_IRQHandler   encoder.o
    0x08002c88   0x08002c88   0x00000018   Code   RO         3667    i.TIM_ARRPreloadConfig  stm32f10x_tim.o
    0x08002ca0   0x08002ca0   0x00000006   Code   RO         3673    i.TIM_ClearFlag     stm32f10x_tim.o
    0x08002ca6   0x08002ca6   0x00000006   Code   RO         3674    i.TIM_ClearITPendingBit  stm32f10x_tim.o
    0x08002cac   0x08002cac   0x00000018   Code   RO         3679    i.TIM_Cmd           stm32f10x_tim.o
    0x08002cc4   0x08002cc4   0x0000001e   Code   RO         3681    i.TIM_CtrlPWMOutputs  stm32f10x_tim.o
    0x08002ce2   0x08002ce2   0x00000002   PAD
    0x08002ce4   0x08002ce4   0x000001e8   Code   RO         3684    i.TIM_DeInit        stm32f10x_tim.o
    0x08002ecc   0x08002ecc   0x00000042   Code   RO         3688    i.TIM_EncoderInterfaceConfig  stm32f10x_tim.o
    0x08002f0e   0x08002f0e   0x00000006   Code   RO         3698    i.TIM_GetCounter    stm32f10x_tim.o
    0x08002f14   0x08002f14   0x00000022   Code   RO         3700    i.TIM_GetITStatus   stm32f10x_tim.o
    0x08002f36   0x08002f36   0x00000002   PAD
    0x08002f38   0x08002f38   0x000000ac   Code   RO         3702    i.TIM_ICInit        stm32f10x_tim.o
    0x08002fe4   0x08002fe4   0x00000012   Code   RO         3703    i.TIM_ICStructInit  stm32f10x_tim.o
    0x08002ff6   0x08002ff6   0x00000012   Code   RO         3704    i.TIM_ITConfig      stm32f10x_tim.o
    0x08003008   0x08003008   0x00000098   Code   RO         3708    i.TIM_OC1Init       stm32f10x_tim.o
    0x080030a0   0x080030a0   0x00000012   Code   RO         3711    i.TIM_OC1PreloadConfig  stm32f10x_tim.o
    0x080030b2   0x080030b2   0x00000002   PAD
    0x080030b4   0x080030b4   0x000000a4   Code   RO         3713    i.TIM_OC2Init       stm32f10x_tim.o
    0x08003158   0x08003158   0x0000001a   Code   RO         3716    i.TIM_OC2PreloadConfig  stm32f10x_tim.o
    0x08003172   0x08003172   0x00000004   Code   RO         3744    i.TIM_SetCounter    stm32f10x_tim.o
    0x08003176   0x08003176   0x00000012   Code   RO         3745    i.TIM_SetIC1Prescaler  stm32f10x_tim.o
    0x08003188   0x08003188   0x0000001a   Code   RO         3746    i.TIM_SetIC2Prescaler  stm32f10x_tim.o
    0x080031a2   0x080031a2   0x00000012   Code   RO         3747    i.TIM_SetIC3Prescaler  stm32f10x_tim.o
    0x080031b4   0x080031b4   0x0000001a   Code   RO         3748    i.TIM_SetIC4Prescaler  stm32f10x_tim.o
    0x080031ce   0x080031ce   0x00000002   PAD
    0x080031d0   0x080031d0   0x000000a4   Code   RO         3750    i.TIM_TimeBaseInit  stm32f10x_tim.o
    0x08003274   0x08003274   0x00000012   Code   RO         3751    i.TIM_TimeBaseStructInit  stm32f10x_tim.o
    0x08003286   0x08003286   0x00000002   PAD
    0x08003288   0x08003288   0x000000c0   Code   RO          302    i.USART2_Configuration  esp8266.o
    0x08003348   0x08003348   0x0000006c   Code   RO          303    i.USART2_DMA_Rx_Config  esp8266.o
    0x080033b4   0x080033b4   0x0000015c   Code   RO          304    i.USART2_IRQHandler  esp8266.o
    0x08003510   0x08003510   0x00000020   Code   RO          305    i.USART2_SendData   esp8266.o
    0x08003530   0x08003530   0x00000012   Code   RO         4211    i.USART_ClearFlag   stm32f10x_usart.o
    0x08003542   0x08003542   0x00000022   Code   RO         4213    i.USART_ClockInit   stm32f10x_usart.o
    0x08003564   0x08003564   0x00000018   Code   RO         4215    i.USART_Cmd         stm32f10x_usart.o
    0x0800357c   0x0800357c   0x00000012   Code   RO         4216    i.USART_DMACmd      stm32f10x_usart.o
    0x0800358e   0x0800358e   0x0000001a   Code   RO         4218    i.USART_GetFlagStatus  stm32f10x_usart.o
    0x080035a8   0x080035a8   0x00000054   Code   RO         4219    i.USART_GetITStatus  stm32f10x_usart.o
    0x080035fc   0x080035fc   0x0000004a   Code   RO         4221    i.USART_ITConfig    stm32f10x_usart.o
    0x08003646   0x08003646   0x00000002   PAD
    0x08003648   0x08003648   0x000000d8   Code   RO         4222    i.USART_Init        stm32f10x_usart.o
    0x08003720   0x08003720   0x0000000a   Code   RO         4229    i.USART_ReceiveData  stm32f10x_usart.o
    0x0800372a   0x0800372a   0x00000008   Code   RO         4232    i.USART_SendData    stm32f10x_usart.o
    0x08003732   0x08003732   0x00000004   Code   RO          123    i.UsageFault_Handler  stm32f10x_it.o
    0x08003736   0x08003736   0x00000002   PAD
    0x08003738   0x08003738   0x00000020   Code   RO         4695    i.__0printf$8       mc_w.l(printf8.o)
    0x08003758   0x08003758   0x00000028   Code   RO         4811    i.__ARM_fpclassify  m_ws.l(fpclassify.o)
    0x08003780   0x08003780   0x000000aa   Code   RO         4813    i.__kernel_poly     m_ws.l(poly.o)
    0x0800382a   0x0800382a   0x00000006   Code   RO         4798    i.__mathlib_dbl_infnan  m_ws.l(dunder.o)
    0x08003830   0x08003830   0x00000004   Code   RO         4799    i.__mathlib_dbl_infnan2  m_ws.l(dunder.o)
    0x08003834   0x08003834   0x0000000c   Code   RO         4800    i.__mathlib_dbl_invalid  m_ws.l(dunder.o)
    0x08003840   0x08003840   0x00000010   Code   RO         4803    i.__mathlib_dbl_underflow  m_ws.l(dunder.o)
    0x08003850   0x08003850   0x0000000e   Code   RO         4877    i.__scatterload_copy  mc_w.l(handlers.o)
    0x0800385e   0x0800385e   0x00000002   Code   RO         4878    i.__scatterload_null  mc_w.l(handlers.o)
    0x08003860   0x08003860   0x0000000e   Code   RO         4879    i.__scatterload_zeroinit  mc_w.l(handlers.o)
    0x0800386e   0x0800386e   0x00000002   PAD
    0x08003870   0x08003870   0x0000000c   Code   RO         4853    i.__set_errno       mc_w.l(errno.o)
    0x0800387c   0x0800387c   0x00000410   Code   RO         4702    i._printf_core      mc_w.l(printf8.o)
    0x08003c8c   0x08003c8c   0x00000024   Code   RO         4703    i._printf_post_padding  mc_w.l(printf8.o)
    0x08003cb0   0x08003cb0   0x0000002e   Code   RO         4704    i._printf_pre_padding  mc_w.l(printf8.o)
    0x08003cde   0x08003cde   0x00000002   PAD
    0x08003ce0   0x08003ce0   0x000000ac   Code   RO          439    i.accel_self_test   inv_mpu.o
    0x08003d8c   0x08003d8c   0x000000d4   Code   RO          182    i.adc_read          adc.o
    0x08003e60   0x08003e60   0x00000270   Code   RO         4456    i.asin              m_ws.l(asin.o)
    0x080040d0   0x080040d0   0x00000220   Code   RO         4788    i.atan              m_ws.l(atan.o)
    0x080042f0   0x080042f0   0x00000180   Code   RO         4466    i.atan2             m_ws.l(atan2.o)
    0x08004470   0x08004470   0x0000000c   Code   RO          207    i.bibi              buzzer.o
    0x0800447c   0x0800447c   0x00000064   Code   RO          771    i.decode_gesture    inv_mpu_dmp_motion_driver.o
    0x080044e0   0x080044e0   0x00000044   Code   RO         1365    i.delay_init        delay.o
    0x08004524   0x08004524   0x0000004c   Code   RO         1366    i.delay_ms          delay.o
    0x08004570   0x08004570   0x0000004c   Code   RO         1367    i.delay_us          delay.o
    0x080045bc   0x080045bc   0x0000003c   Code   RO          772    i.dmp_enable_6x_lp_quat  inv_mpu_dmp_motion_driver.o
    0x080045f8   0x080045f8   0x0000021c   Code   RO          773    i.dmp_enable_feature  inv_mpu_dmp_motion_driver.o
    0x08004814   0x08004814   0x00000058   Code   RO          774    i.dmp_enable_gyro_cal  inv_mpu_dmp_motion_driver.o
    0x0800486c   0x0800486c   0x0000003c   Code   RO          775    i.dmp_enable_lp_quat  inv_mpu_dmp_motion_driver.o
    0x080048a8   0x080048a8   0x00000018   Code   RO          780    i.dmp_load_motion_driver_firmware  inv_mpu_dmp_motion_driver.o
    0x080048c0   0x080048c0   0x000001cc   Code   RO          781    i.dmp_read_fifo     inv_mpu_dmp_motion_driver.o
    0x08004a8c   0x08004a8c   0x00000130   Code   RO          784    i.dmp_set_accel_bias  inv_mpu_dmp_motion_driver.o
    0x08004bbc   0x08004bbc   0x00000070   Code   RO          785    i.dmp_set_fifo_rate  inv_mpu_dmp_motion_driver.o
    0x08004c2c   0x08004c2c   0x00000130   Code   RO          786    i.dmp_set_gyro_bias  inv_mpu_dmp_motion_driver.o
    0x08004d5c   0x08004d5c   0x00000138   Code   RO          788    i.dmp_set_orientation  inv_mpu_dmp_motion_driver.o
    0x08004e94   0x08004e94   0x00000038   Code   RO          791    i.dmp_set_shake_reject_thresh  inv_mpu_dmp_motion_driver.o
    0x08004ecc   0x08004ecc   0x00000026   Code   RO          792    i.dmp_set_shake_reject_time  inv_mpu_dmp_motion_driver.o
    0x08004ef2   0x08004ef2   0x00000026   Code   RO          793    i.dmp_set_shake_reject_timeout  inv_mpu_dmp_motion_driver.o
    0x08004f18   0x08004f18   0x00000046   Code   RO          794    i.dmp_set_tap_axes  inv_mpu_dmp_motion_driver.o
    0x08004f5e   0x08004f5e   0x00000026   Code   RO          795    i.dmp_set_tap_count  inv_mpu_dmp_motion_driver.o
    0x08004f84   0x08004f84   0x000001a0   Code   RO          796    i.dmp_set_tap_thresh  inv_mpu_dmp_motion_driver.o
    0x08005124   0x08005124   0x00000026   Code   RO          797    i.dmp_set_tap_time  inv_mpu_dmp_motion_driver.o
    0x0800514a   0x0800514a   0x00000026   Code   RO          798    i.dmp_set_tap_time_multi  inv_mpu_dmp_motion_driver.o
    0x08005170   0x08005170   0x00000040   Code   RO         1159    i.drawbmp           oled.o
    0x080051b0   0x080051b0   0x000001c8   Code   RO          306    i.esp8266_init      esp8266.o
    0x08005378   0x08005378   0x00000012   Code   RO         4838    i.fputc             mc_w.l(fputc.o)
    0x0800538a   0x0800538a   0x00000002   PAD
    0x0800538c   0x0800538c   0x000000b4   Code   RO          440    i.get_accel_prod_shift  inv_mpu.o
    0x08005440   0x08005440   0x00000470   Code   RO          441    i.get_st_biases     inv_mpu.o
    0x080058b0   0x080058b0   0x00000118   Code   RO          442    i.gyro_self_test    inv_mpu.o
    0x080059c8   0x080059c8   0x00000078   Code   RO          394    i.hc_sr04_init      hc_sr04.o
    0x08005a40   0x08005a40   0x00000024   Code   RO          395    i.hc_sr04_open      hc_sr04.o
    0x08005a64   0x08005a64   0x00000020   Code   RO          396    i.hc_sr04_start     hc_sr04.o
    0x08005a84   0x08005a84   0x00000028   Code   RO          443    i.inv_orientation_matrix_to_scalar  inv_mpu.o
    0x08005aac   0x08005aac   0x0000004e   Code   RO          444    i.inv_row_2_scale   inv_mpu.o
    0x08005afa   0x08005afa   0x0000006e   Code   RO            1    i.main              main.o
    0x08005b68   0x08005b68   0x00000002   Code   RO          445    i.mget_ms           inv_mpu.o
    0x08005b6a   0x08005b6a   0x00000002   PAD
    0x08005b6c   0x08005b6c   0x0000004c   Code   RO          959    i.moto_control_gpioinit  motor.o
    0x08005bb8   0x08005bb8   0x00000070   Code   RO          446    i.mpu_configure_fifo  inv_mpu.o
    0x08005c28   0x08005c28   0x00000224   Code   RO          447    i.mpu_dmp_get_data  inv_mpu.o
    0x08005e4c   0x08005e4c   0x00000098   Code   RO          448    i.mpu_dmp_init      inv_mpu.o
    0x08005ee4   0x08005ee4   0x0000004c   Code   RO          449    i.mpu_get_accel_fsr  inv_mpu.o
    0x08005f30   0x08005f30   0x00000054   Code   RO          451    i.mpu_get_accel_sens  inv_mpu.o
    0x08005f84   0x08005f84   0x00000010   Code   RO          456    i.mpu_get_fifo_config  inv_mpu.o
    0x08005f94   0x08005f94   0x00000044   Code   RO          457    i.mpu_get_gyro_fsr  inv_mpu.o
    0x08005fd8   0x08005fd8   0x00000050   Code   RO          459    i.mpu_get_gyro_sens  inv_mpu.o
    0x08006028   0x08006028   0x00000050   Code   RO          461    i.mpu_get_lpf       inv_mpu.o
    0x08006078   0x08006078   0x00000020   Code   RO          463    i.mpu_get_sample_rate  inv_mpu.o
    0x08006098   0x08006098   0x000001f0   Code   RO          465    i.mpu_init          inv_mpu.o
    0x08006288   0x08006288   0x000000b8   Code   RO          466    i.mpu_load_firmware  inv_mpu.o
    0x08006340   0x08006340   0x000000e0   Code   RO          467    i.mpu_lp_accel_mode  inv_mpu.o
    0x08006420   0x08006420   0x000000c0   Code   RO          470    i.mpu_read_fifo_stream  inv_mpu.o
    0x080064e0   0x080064e0   0x00000080   Code   RO          471    i.mpu_read_mem      inv_mpu.o
    0x08006560   0x08006560   0x000001c8   Code   RO          474    i.mpu_reset_fifo    inv_mpu.o
    0x08006728   0x08006728   0x0000011c   Code   RO          475    i.mpu_run_self_test  inv_mpu.o
    0x08006844   0x08006844   0x00000084   Code   RO          477    i.mpu_set_accel_fsr  inv_mpu.o
    0x080068c8   0x080068c8   0x0000014c   Code   RO          478    i.mpu_set_bypass    inv_mpu.o
    0x08006a14   0x08006a14   0x00000090   Code   RO          480    i.mpu_set_dmp_state  inv_mpu.o
    0x08006aa4   0x08006aa4   0x00000088   Code   RO          481    i.mpu_set_gyro_fsr  inv_mpu.o
    0x08006b2c   0x08006b2c   0x0000006c   Code   RO          482    i.mpu_set_int_latched  inv_mpu.o
    0x08006b98   0x08006b98   0x00000084   Code   RO          484    i.mpu_set_lpf       inv_mpu.o
    0x08006c1c   0x08006c1c   0x0000009c   Code   RO          485    i.mpu_set_sample_rate  inv_mpu.o
    0x08006cb8   0x08006cb8   0x000000d0   Code   RO          486    i.mpu_set_sensors   inv_mpu.o
    0x08006d88   0x08006d88   0x00000080   Code   RO          487    i.mpu_write_mem     inv_mpu.o
    0x08006e08   0x08006e08   0x0000006a   Code   RO         1161    i.oled_adc          oled.o
    0x08006e72   0x08006e72   0x00000002   PAD
    0x08006e74   0x08006e74   0x000000cc   Code   RO         1162    i.oled_open_re      oled.o
    0x08006f40   0x08006f40   0x00000150   Code   RO         1163    i.oled_pid          oled.o
    0x08007090   0x08007090   0x00000022   Code   RO          309    i.printf_str        esp8266.o
    0x080070b2   0x080070b2   0x00000094   Code   RO          488    i.run_self_test     inv_mpu.o
    0x08007146   0x08007146   0x00000002   PAD
    0x08007148   0x08007148   0x00000090   Code   RO          489    i.set_int_enable    inv_mpu.o
    0x080071d8   0x080071d8   0x0000004c   Code   RO         4817    i.sqrt              m_ws.l(sqrt.o)
    0x08007224   0x08007224   0x00000254   Code   RO          311    i.usart_res_pid     esp8266.o
    0x08007478   0x08007478   0x000000ac   Data   RO          313    .constdata          esp8266.o
    0x08007524   0x08007524   0x00000050   Data   RO          491    .constdata          inv_mpu.o
    0x08007574   0x08007574   0x00000bf6   Data   RO          800    .constdata          inv_mpu_dmp_motion_driver.o
    0x0800816a   0x0800816a   0x00000006   PAD
    0x08008170   0x08008170   0x00000050   Data   RO         4457    .constdata          m_ws.l(asin.o)
    0x080081c0   0x080081c0   0x00000098   Data   RO         4789    .constdata          m_ws.l(atan.o)
    0x08008258   0x08008258   0x00000008   Data   RO         4815    .constdata          m_ws.l(qnan.o)
    0x08008260   0x08008260   0x0000004d   Data   RO          492    .conststring        inv_mpu.o
    0x080082ad   0x080082ad   0x00000003   PAD
    0x080082b0   0x080082b0   0x00000020   Data   RO         4875    Region$$Table       anon$$obj.o


    Execution Region RW_IRAM1 (Exec base: 0x20000000, Load base: 0x080082d0, Size: 0x00002318, Max: 0x00005000, ABSOLUTE, COMPRESSED[0x0000094c])

    Exec Addr    Load Addr    Size         Type   Attr      Idx    E Section Name        Object

    0x20000000   COMPRESSED   0x00000010   Data   RW          183    .data               adc.o
    0x20000010   COMPRESSED   0x00000070   Data   RW          230    .data               control.o
    0x20000080   COMPRESSED   0x0000001d   Data   RW          314    .data               esp8266.o
    0x2000009d   COMPRESSED   0x00000003   PAD
    0x200000a0   COMPRESSED   0x00000008   Data   RW          397    .data               hc_sr04.o
    0x200000a8   COMPRESSED   0x00000035   Data   RW          493    .data               inv_mpu.o
    0x200000dd   COMPRESSED   0x00000003   PAD
    0x200000e0   COMPRESSED   0x00000008   Data   RW          960    .data               motor.o
    0x200000e8   COMPRESSED   0x00000001   Data   RW          997    .data               mpu6050.o
    0x200000e9   COMPRESSED   0x00001618   Data   RW         1166    .data               oled.o
    0x20001701   COMPRESSED   0x00000001   PAD
    0x20001702   COMPRESSED   0x00000004   Data   RW         1368    .data               delay.o
    0x20001706   COMPRESSED   0x00000002   PAD
    0x20001708   COMPRESSED   0x00000014   Data   RW         1406    .data               system_stm32f10x.o
    0x2000171c   COMPRESSED   0x00000014   Data   RW         3066    .data               stm32f10x_rcc.o
    0x20001730   COMPRESSED   0x00000004   Data   RW         4840    .data               mc_w.l(stdout.o)
    0x20001734   COMPRESSED   0x00000004   Data   RW         4854    .data               mc_w.l(errno.o)
    0x20001738        -       0x000007d0   Zero   RW          312    .bss                esp8266.o
    0x20001f08        -       0x00000010   Zero   RW          799    .bss                inv_mpu_dmp_motion_driver.o
    0x20001f18        -       0x00000400   Zero   RW         4448    STACK               startup_stm32f10x_md.o


==============================================================================

Image component sizes


      Code (inc. data)   RO Data    RW Data    ZI Data      Debug   Object Name

       384         54          0         16          0       1757   adc.o
        12          4          0          0          0        375   buzzer.o
      1096        182          0        112          0       4120   control.o
         0          0          0          0          0         32   core_cm3.o
       220         26          0          4          0       1567   delay.o
       426         24          0          0          0       2661   encoder.o
      1826        208        172         29       2000       6143   esp8266.o
       412         50          0          8          0       3098   hc_sr04.o
      6868        290        157         53          0      33795   inv_mpu.o
      3096        122       3062          0         16      19630   inv_mpu_dmp_motion_driver.o
       110          0          0          0          0     272879   main.o
       172         22          0          0          0       2077   misc.o
       256         42          0          8          0       1733   motor.o
       858         10          0          1          0       7761   mpu6050.o
       650        100          0          0          0       4398   mpuiic.o
      2312        104          0       5656          0      11820   oled.o
       168          8          0          0          0        708   pwm.o
        36          8        236          0       1024        812   startup_stm32f10x_md.o
       508         24          0          0          0       8931   stm32f10x_adc.o
       138         10          0          0          0       4409   stm32f10x_dma.o
       200         18          0          0          0       2132   stm32f10x_exti.o
       494         10          0          0          0       4468   stm32f10x_gpio.o
       154          0          0          0          0       4187   stm32f10x_it.o
       396         56          0         20          0       6591   stm32f10x_rcc.o
      2102        244          0          0          0      16949   stm32f10x_tim.o
       512          6          0          0          0       7800   stm32f10x_usart.o
       328         28          0         20          0       2277   system_stm32f10x.o

    ----------------------------------------------------------------------
     23772       1650       3668       5936       3040     433110   Object Totals
         0          0         32          0          0          0   (incl. Generated)
        38          0          9          9          0          0   (incl. Padding)

    ----------------------------------------------------------------------

      Code (inc. data)   RO Data    RW Data    ZI Data      Debug   Library Member Name

       624         52         80          0          0        168   asin.o
       544         70        152          0          0        124   atan.o
       384         38          0          0          0        144   atan2.o
        38          6          0          0          0        272   dunder.o
        40          0          0          0          0         68   fpclassify.o
       170          0          0          0          0         96   poly.o
         0          0          8          0          0          0   qnan.o
        76          0          0          0          0         84   sqrt.o
        86          0          0          0          0          0   __dczerorl2.o
         0          0          0          0          0          0   entry.o
         0          0          0          0          0          0   entry10a.o
         0          0          0          0          0          0   entry11a.o
         8          4          0          0          0          0   entry2.o
         4          0          0          0          0          0   entry5.o
         0          0          0          0          0          0   entry7b.o
         0          0          0          0          0          0   entry8b.o
         8          4          0          0          0          0   entry9a.o
        12          6          0          4          0         68   errno.o
        18          0          0          0          0         80   fputc.o
        30          0          0          0          0          0   handlers.o
        36          8          0          0          0         68   init.o
         0          0          0          0          0          0   iusefp.o
         0          0          0          0          0          0   iusesemip.o
        98          0          0          0          0         84   ldiv.o
        30          0          0          0          0         68   llshl.o
        36          0          0          0          0         68   llsshr.o
        32          0          0          0          0         68   llushr.o
        26          0          0          0          0         80   memcmp.o
        36          0          0          0          0         68   memcpya.o
        36          0          0          0          0        108   memseta.o
      1154         54          0          0          0        352   printf8.o
         0          0          0          0          0          0   semi.o
         0          0          0          4          0          0   stdout.o
        14          0          0          0          0         68   strlen.o
        98          0          0          0          0         92   uldiv.o
        48          0          0          0          0         68   cdcmple.o
        20          0          0          0          0         68   cfcmple.o
        20          0          0          0          0         68   cfrcmple.o
        56          0          0          0          0         88   d2f.o
       334          0          0          0          0        148   dadd.o
       222          0          0          0          0        100   ddiv.o
       186          0          0          0          0        176   depilogue.o
        62          0          0          0          0         80   dfixi.o
        50          0          0          0          0         76   dfixui.o
        34          0          0          0          0         76   dflti.o
        26          0          0          0          0         76   dfltui.o
       228          0          0          0          0         96   dmul.o
        46          0          0          0          0         80   dscalb.o
       162          0          0          0          0        100   dsqrt.o
        38          0          0          0          0         68   f2d.o
       176          0          0          0          0        140   fadd.o
       124          0          0          0          0         88   fdiv.o
       110          0          0          0          0        168   fepilogue.o
        50          0          0          0          0         68   ffixi.o
        40          0          0          0          0         68   ffixui.o
        18          0          0          0          0         68   fflti.o
        10          0          0          0          0         68   ffltui.o
       100          0          0          0          0         76   fmul.o

    ----------------------------------------------------------------------
      5808        242        240          8          0       4340   Library Totals
        10          0          0          0          0          0   (incl. Padding)

    ----------------------------------------------------------------------

      Code (inc. data)   RO Data    RW Data    ZI Data      Debug   Library Name

      1876        166        240          0          0        956   m_ws.l
      1762         76          0          8          0       1272   mc_w.l
      2160          0          0          0          0       2112   mf_w.l

    ----------------------------------------------------------------------
      5808        242        240          8          0       4340   Library Totals

    ----------------------------------------------------------------------

==============================================================================


      Code (inc. data)   RO Data    RW Data    ZI Data      Debug   

     29580       1892       3908       5944       3040     424370   Grand Totals
     29580       1892       3908       2380       3040     424370   ELF Image Totals (compressed)
     29580       1892       3908       2380          0          0   ROM Totals

==============================================================================

    Total RO  Size (Code + RO Data)                33488 (  32.70kB)
    Total RW  Size (RW Data + ZI Data)              8984 (   8.77kB)
    Total ROM Size (Code + RO Data + RW Data)      35868 (  35.03kB)

==============================================================================

